******************************************************************************
             TMS320C2000 Linker PC v6.4.2                      
******************************************************************************
>> Linked Fri Dec 28 21:05:46 2018

OUTPUT FILE NAME:   <Vienna_OCC.out>
ENTRY POINT SYMBOL: "_c_int00"  address: 00008959


MEMORY CONFIGURATION

         name            origin    length      used     unused   attr    fill
----------------------  --------  ---------  --------  --------  ----  --------
PAGE 0:
  BEGIN                 00000000   00000002  00000002  00000000  RWIX
  RAMM0                 00000050   000003b0  00000000  000003b0  RWIX
  RAML                  00008000   00004000  00000c47  000033b9  RWIX
  ZONE7A                00200000   0000fc00  00000000  0000fc00  RWIX
  CSM_RSVD              0033ff80   00000076  00000000  00000076  RWIX
  CSM_PWL               0033fff8   00000008  00000000  00000008  RWIX
  ADC_CAL               00380080   00000009  00000007  00000002  RWIX
  IQTABLES              003fe000   00000b50  00000000  00000b50  RWIX
  IQTABLES2             003feb50   0000008c  00000000  0000008c  RWIX
  FPUTABLES             003febdc   000006a0  00000000  000006a0  RWIX
  BOOTROM               003ff27c   00000d44  00000000  00000d44  RWIX
  RESET                 003fffc0   00000002  00000000  00000002  RWIX

PAGE 1:
  BOOT_RSVD             00000002   0000004e  00000000  0000004e  RWIX
  RAMM1                 00000400   00000400  00000300  00000100  RWIX
  DEV_EMU               00000880   00000180  000000d0  000000b0  RWIX
  FLASH_REGS            00000a80   00000060  00000008  00000058  RWIX
  CSM                   00000ae0   00000010  00000010  00000000  RWIX
  ADC_MIRROR            00000b00   00000010  00000010  00000000  RWIX
  XINTF                 00000b20   00000020  0000001e  00000002  RWIX
  CPU_TIMER0            00000c00   00000008  00000008  00000000  RWIX
  CPU_TIMER1            00000c08   00000008  00000008  00000000  RWIX
  CPU_TIMER2            00000c10   00000008  00000008  00000000  RWIX
  PIE_CTRL              00000ce0   00000020  0000001a  00000006  RWIX
  PIE_VECT              00000d00   00000100  00000100  00000000  RWIX
  DMA                   00001000   00000200  000000e0  00000120  RWIX
  MCBSPA                00005000   00000040  00000025  0000001b  RWIX
  MCBSPB                00005040   00000040  00000025  0000001b  RWIX
  ECANA                 00006000   00000040  00000034  0000000c  RWIX
  ECANA_LAM             00006040   00000040  00000040  00000000  RWIX
  ECANA_MOTS            00006080   00000040  00000040  00000000  RWIX
  ECANA_MOTO            000060c0   00000040  00000040  00000000  RWIX
  ECANA_MBOX            00006100   00000100  00000100  00000000  RWIX
  ECANB                 00006200   00000040  00000034  0000000c  RWIX
  ECANB_LAM             00006240   00000040  00000040  00000000  RWIX
  ECANB_MOTS            00006280   00000040  00000040  00000000  RWIX
  ECANB_MOTO            000062c0   00000040  00000040  00000000  RWIX
  ECANB_MBOX            00006300   00000100  00000100  00000000  RWIX
  EPWM1                 00006800   00000022  00000022  00000000  RWIX
  EPWM2                 00006840   00000022  00000022  00000000  RWIX
  EPWM3                 00006880   00000022  00000022  00000000  RWIX
  EPWM4                 000068c0   00000022  00000022  00000000  RWIX
  EPWM5                 00006900   00000022  00000022  00000000  RWIX
  EPWM6                 00006940   00000022  00000022  00000000  RWIX
  ECAP1                 00006a00   00000020  00000020  00000000  RWIX
  ECAP2                 00006a20   00000020  00000020  00000000  RWIX
  ECAP3                 00006a40   00000020  00000020  00000000  RWIX
  ECAP4                 00006a60   00000020  00000020  00000000  RWIX
  ECAP5                 00006a80   00000020  00000020  00000000  RWIX
  ECAP6                 00006aa0   00000020  00000020  00000000  RWIX
  EQEP1                 00006b00   00000040  00000040  00000000  RWIX
  EQEP2                 00006b40   00000040  00000040  00000000  RWIX
  GPIOCTRL              00006f80   00000040  0000002e  00000012  RWIX
  GPIODAT               00006fc0   00000020  00000020  00000000  RWIX
  GPIOINT               00006fe0   00000020  0000000a  00000016  RWIX
  SYSTEM                00007010   00000020  00000020  00000000  RWIX
  SPIA                  00007040   00000010  00000010  00000000  RWIX
  SCIA                  00007050   00000010  00000010  00000000  RWIX
  XINTRUPT              00007070   00000010  00000010  00000000  RWIX
  ADC                   00007100   00000020  0000001e  00000002  RWIX
  SCIB                  00007750   00000010  00000010  00000000  RWIX
  SCIC                  00007770   00000010  00000010  00000000  RWIX
  I2CA                  00007900   00000040  00000022  0000001e  RWIX
  RAMH                  0000c000   00004000  000033b4  00000c4c  RWIX
  ZONE7B                0020fc00   00000400  00000000  00000400  RWIX
  CSM_PWL               0033fff8   00000008  00000008  00000000  RWIX
  PARTID                00380090   00000001  00000001  00000000  RWIX


SECTION ALLOCATION MAP

 output                                  attributes/
section   page    origin      length       input sections
--------  ----  ----------  ----------   ----------------
codestart 
*          0    00000000    00000002     
                  00000000    00000002     DSP2833x_CodeStartBranch.obj (codestart)

.text      0    00008000    00000ba7     
                  00008000    0000027e     main.obj (.text:retain)
                  0000827e    0000018b     DSP2833x_DefaultIsr.obj (.text:retain)
                  00008409    00000119     main.obj (.text)
                  00008522    000000f8     DSP2833x_SysCtrl.obj (.text)
                  0000861a    000000d2     sci.obj (.text:retain)
                  000086ec    000000d0     PWM_config.obj (.text)
                  000087bc    00000083     rts2800_ml.lib : fs_div.obj (.text)
                  0000883f    00000078                    : fs_add.obj (.text)
                  000088b7    0000005a                    : fs_mpy.obj (.text)
                  00008911    00000048     DSP2833x_Sci.obj (.text)
                  00008959    00000044     rts2800_ml.lib : boot.obj (.text)
                  0000899d    00000032     ADC_config.obj (.text)
                  000089cf    0000002c     DSP2833x_Spi.obj (.text)
                  000089fb    0000002a     rts2800_ml.lib : l_div.obj (.text)
                  00008a25    00000029                    : fs_tol.obj (.text)
                  00008a4e    00000028     DSP2833x_PieCtrl.obj (.text)
                  00008a76    00000022     DSP2833x_PieVect.obj (.text)
                  00008a98    0000001d     rts2800_ml.lib : fs_tou.obj (.text)
                  00008ab5    0000001c     Spi.obj (.text)
                  00008ad1    0000001b     DSP2833x_Gpio.obj (.text)
                  00008aec    0000001a     rts2800_ml.lib : l_tofs.obj (.text)
                  00008b06    00000019                    : args_main.obj (.text)
                  00008b1f    00000019                    : exit.obj (.text)
                  00008b38    00000017                    : fs_cmp.obj (.text)
                  00008b4f    00000014     DSP2833x_Adc.obj (.text)
                  00008b63    00000014     sci.obj (.text)
                  00008b77    00000010     rts2800_ml.lib : u_tofs.obj (.text)
                  00008b87    00000009                    : _lock.obj (.text)
                  00008b90    00000008     DSP2833x_CodeStartBranch.obj (.text)
                  00008b98    00000007     DSP2833x_DisInt.obj (.text)
                  00008b9f    00000005     rts2800_ml.lib : fs_neg.obj (.text)
                  00008ba4    00000003     DSP2833x_DBGIER.obj (.text)

.cinit     0    00008ba7    0000009c     
                  00008ba7    0000005d     main.obj (.cinit)
                  00008c04    00000029     sci.obj (.cinit)
                  00008c2d    0000000a     rts2800_ml.lib : exit.obj (.cinit)
                  00008c37    00000005                    : _lock.obj (.cinit:__lock)
                  00008c3c    00000005                    : _lock.obj (.cinit:__unlock)
                  00008c41    00000002     --HOLE-- [fill = 0]

ramfuncs   0    00008c43    00000004     
                  00008c43    00000004     DSP2833x_usDelay.obj (ramfuncs)

.pinit     0    00008000    00000000     UNINITIALIZED

.adc_cal   0    00380080    00000007     NOLOAD SECTION
                  00380080    00000007     DSP2833x_ADC_cal.obj (.adc_cal)

.stack     1    00000400    00000300     UNINITIALIZED
                  00000400    00000300     --HOLE--

DevEmuRegsFile 
*          1    00000880    000000d0     UNINITIALIZED
                  00000880    000000d0     DSP2833x_GlobalVariableDefs.obj (DevEmuRegsFile)

FlashRegsFile 
*          1    00000a80    00000008     UNINITIALIZED
                  00000a80    00000008     DSP2833x_GlobalVariableDefs.obj (FlashRegsFile)

CsmRegsFile 
*          1    00000ae0    00000010     UNINITIALIZED
                  00000ae0    00000010     DSP2833x_GlobalVariableDefs.obj (CsmRegsFile)

AdcMirrorFile 
*          1    00000b00    00000010     UNINITIALIZED
                  00000b00    00000010     DSP2833x_GlobalVariableDefs.obj (AdcMirrorFile)

XintfRegsFile 
*          1    00000b20    0000001e     UNINITIALIZED
                  00000b20    0000001e     DSP2833x_GlobalVariableDefs.obj (XintfRegsFile)

CpuTimer0RegsFile 
*          1    00000c00    00000008     UNINITIALIZED
                  00000c00    00000008     DSP2833x_GlobalVariableDefs.obj (CpuTimer0RegsFile)

CpuTimer1RegsFile 
*          1    00000c08    00000008     UNINITIALIZED
                  00000c08    00000008     DSP2833x_GlobalVariableDefs.obj (CpuTimer1RegsFile)

CpuTimer2RegsFile 
*          1    00000c10    00000008     UNINITIALIZED
                  00000c10    00000008     DSP2833x_GlobalVariableDefs.obj (CpuTimer2RegsFile)

PieCtrlRegsFile 
*          1    00000ce0    0000001a     UNINITIALIZED
                  00000ce0    0000001a     DSP2833x_GlobalVariableDefs.obj (PieCtrlRegsFile)

PieVectTableFile 
*          1    00000d00    00000100     UNINITIALIZED
                  00000d00    00000100     DSP2833x_GlobalVariableDefs.obj (PieVectTableFile)

DmaRegsFile 
*          1    00001000    000000e0     UNINITIALIZED
                  00001000    000000e0     DSP2833x_GlobalVariableDefs.obj (DmaRegsFile)

McbspaRegsFile 
*          1    00005000    00000025     UNINITIALIZED
                  00005000    00000025     DSP2833x_GlobalVariableDefs.obj (McbspaRegsFile)

McbspbRegsFile 
*          1    00005040    00000025     UNINITIALIZED
                  00005040    00000025     DSP2833x_GlobalVariableDefs.obj (McbspbRegsFile)

ECanaRegsFile 
*          1    00006000    00000034     UNINITIALIZED
                  00006000    00000034     DSP2833x_GlobalVariableDefs.obj (ECanaRegsFile)

ECanaLAMRegsFile 
*          1    00006040    00000040     UNINITIALIZED
                  00006040    00000040     DSP2833x_GlobalVariableDefs.obj (ECanaLAMRegsFile)

ECanaMOTSRegsFile 
*          1    00006080    00000040     UNINITIALIZED
                  00006080    00000040     DSP2833x_GlobalVariableDefs.obj (ECanaMOTSRegsFile)

ECanaMOTORegsFile 
*          1    000060c0    00000040     UNINITIALIZED
                  000060c0    00000040     DSP2833x_GlobalVariableDefs.obj (ECanaMOTORegsFile)

ECanaMboxesFile 
*          1    00006100    00000100     UNINITIALIZED
                  00006100    00000100     DSP2833x_GlobalVariableDefs.obj (ECanaMboxesFile)

ECanbRegsFile 
*          1    00006200    00000034     UNINITIALIZED
                  00006200    00000034     DSP2833x_GlobalVariableDefs.obj (ECanbRegsFile)

ECanbLAMRegsFile 
*          1    00006240    00000040     UNINITIALIZED
                  00006240    00000040     DSP2833x_GlobalVariableDefs.obj (ECanbLAMRegsFile)

ECanbMOTSRegsFile 
*          1    00006280    00000040     UNINITIALIZED
                  00006280    00000040     DSP2833x_GlobalVariableDefs.obj (ECanbMOTSRegsFile)

ECanbMOTORegsFile 
*          1    000062c0    00000040     UNINITIALIZED
                  000062c0    00000040     DSP2833x_GlobalVariableDefs.obj (ECanbMOTORegsFile)

ECanbMboxesFile 
*          1    00006300    00000100     UNINITIALIZED
                  00006300    00000100     DSP2833x_GlobalVariableDefs.obj (ECanbMboxesFile)

EPwm1RegsFile 
*          1    00006800    00000022     UNINITIALIZED
                  00006800    00000022     DSP2833x_GlobalVariableDefs.obj (EPwm1RegsFile)

EPwm2RegsFile 
*          1    00006840    00000022     UNINITIALIZED
                  00006840    00000022     DSP2833x_GlobalVariableDefs.obj (EPwm2RegsFile)

EPwm3RegsFile 
*          1    00006880    00000022     UNINITIALIZED
                  00006880    00000022     DSP2833x_GlobalVariableDefs.obj (EPwm3RegsFile)

EPwm4RegsFile 
*          1    000068c0    00000022     UNINITIALIZED
                  000068c0    00000022     DSP2833x_GlobalVariableDefs.obj (EPwm4RegsFile)

EPwm5RegsFile 
*          1    00006900    00000022     UNINITIALIZED
                  00006900    00000022     DSP2833x_GlobalVariableDefs.obj (EPwm5RegsFile)

EPwm6RegsFile 
*          1    00006940    00000022     UNINITIALIZED
                  00006940    00000022     DSP2833x_GlobalVariableDefs.obj (EPwm6RegsFile)

ECap1RegsFile 
*          1    00006a00    00000020     UNINITIALIZED
                  00006a00    00000020     DSP2833x_GlobalVariableDefs.obj (ECap1RegsFile)

ECap2RegsFile 
*          1    00006a20    00000020     UNINITIALIZED
                  00006a20    00000020     DSP2833x_GlobalVariableDefs.obj (ECap2RegsFile)

ECap3RegsFile 
*          1    00006a40    00000020     UNINITIALIZED
                  00006a40    00000020     DSP2833x_GlobalVariableDefs.obj (ECap3RegsFile)

ECap4RegsFile 
*          1    00006a60    00000020     UNINITIALIZED
                  00006a60    00000020     DSP2833x_GlobalVariableDefs.obj (ECap4RegsFile)

ECap5RegsFile 
*          1    00006a80    00000020     UNINITIALIZED
                  00006a80    00000020     DSP2833x_GlobalVariableDefs.obj (ECap5RegsFile)

ECap6RegsFile 
*          1    00006aa0    00000020     UNINITIALIZED
                  00006aa0    00000020     DSP2833x_GlobalVariableDefs.obj (ECap6RegsFile)

EQep1RegsFile 
*          1    00006b00    00000040     UNINITIALIZED
                  00006b00    00000040     DSP2833x_GlobalVariableDefs.obj (EQep1RegsFile)

EQep2RegsFile 
*          1    00006b40    00000040     UNINITIALIZED
                  00006b40    00000040     DSP2833x_GlobalVariableDefs.obj (EQep2RegsFile)

GpioCtrlRegsFile 
*          1    00006f80    0000002e     UNINITIALIZED
                  00006f80    0000002e     DSP2833x_GlobalVariableDefs.obj (GpioCtrlRegsFile)

GpioDataRegsFile 
*          1    00006fc0    00000020     UNINITIALIZED
                  00006fc0    00000020     DSP2833x_GlobalVariableDefs.obj (GpioDataRegsFile)

GpioIntRegsFile 
*          1    00006fe0    0000000a     UNINITIALIZED
                  00006fe0    0000000a     DSP2833x_GlobalVariableDefs.obj (GpioIntRegsFile)

SysCtrlRegsFile 
*          1    00007010    00000020     UNINITIALIZED
                  00007010    00000020     DSP2833x_GlobalVariableDefs.obj (SysCtrlRegsFile)

SpiaRegsFile 
*          1    00007040    00000010     UNINITIALIZED
                  00007040    00000010     DSP2833x_GlobalVariableDefs.obj (SpiaRegsFile)

SciaRegsFile 
*          1    00007050    00000010     UNINITIALIZED
                  00007050    00000010     DSP2833x_GlobalVariableDefs.obj (SciaRegsFile)

XIntruptRegsFile 
*          1    00007070    00000010     UNINITIALIZED
                  00007070    00000010     DSP2833x_GlobalVariableDefs.obj (XIntruptRegsFile)

AdcRegsFile 
*          1    00007100    0000001e     UNINITIALIZED
                  00007100    0000001e     DSP2833x_GlobalVariableDefs.obj (AdcRegsFile)

ScibRegsFile 
*          1    00007750    00000010     UNINITIALIZED
                  00007750    00000010     DSP2833x_GlobalVariableDefs.obj (ScibRegsFile)

ScicRegsFile 
*          1    00007770    00000010     UNINITIALIZED
                  00007770    00000010     DSP2833x_GlobalVariableDefs.obj (ScicRegsFile)

I2caRegsFile 
*          1    00007900    00000022     UNINITIALIZED
                  00007900    00000022     DSP2833x_GlobalVariableDefs.obj (I2caRegsFile)

.ebss      1    0000c000    000032b4     UNINITIALIZED
                  0000c000    00003280     main.obj (.ebss)
                  0000f280    00000018     DSP2833x_CpuTimers.obj (.ebss)
                  0000f298    00000013     sci.obj (.ebss)
                  0000f2ab    00000001     --HOLE--
                  0000f2ac    00000004     rts2800_ml.lib : exit.obj (.ebss)
                  0000f2b0    00000002                    : _lock.obj (.ebss:__lock)
                  0000f2b2    00000002                    : _lock.obj (.ebss:__unlock)

.econst    1    0000f2b4    00000100     
                  0000f2b4    00000100     DSP2833x_PieVect.obj (.econst)

.reset     0    003fffc0    00000002     DSECT
                  003fffc0    00000002     rts2800_ml.lib : boot.obj (.reset)

csm_rsvd   0    0033ff80    00000076     DSECT
                  0033ff80    00000076     DSP2833x_CSMPasswords.obj (csm_rsvd)

csmpasswds 
*          0    0033fff8    00000008     DSECT
                  0033fff8    00000008     DSP2833x_CSMPasswords.obj (csmpasswds)

CsmPwlFile 
*          1    0033fff8    00000008     UNINITIALIZED
                  0033fff8    00000008     DSP2833x_GlobalVariableDefs.obj (CsmPwlFile)

PartIdRegsFile 
*          1    00380090    00000001     UNINITIALIZED
                  00380090    00000001     DSP2833x_GlobalVariableDefs.obj (PartIdRegsFile)


GLOBAL DATA SYMBOLS: SORTED BY DATA PAGE

address     data page           name
--------    ----------------    ----
00000400      10 (00000400)     __stack

00000880      22 (00000880)     _DevEmuRegs

00000a80      2a (00000a80)     _FlashRegs

00000ae0      2b (00000ac0)     _CsmRegs

00000b00      2c (00000b00)     _AdcMirror
00000b20      2c (00000b00)     _XintfRegs

00000c00      30 (00000c00)     _CpuTimer0Regs
00000c08      30 (00000c00)     _CpuTimer1Regs
00000c10      30 (00000c00)     _CpuTimer2Regs

00000ce0      33 (00000cc0)     _PieCtrlRegs

00000d00      34 (00000d00)     _PieVectTable

00001000      40 (00001000)     _DmaRegs

00005000     140 (00005000)     _McbspaRegs

00005040     141 (00005040)     _McbspbRegs

00006000     180 (00006000)     _ECanaRegs

00006040     181 (00006040)     _ECanaLAMRegs

00006080     182 (00006080)     _ECanaMOTSRegs

000060c0     183 (000060c0)     _ECanaMOTORegs

00006100     184 (00006100)     _ECanaMboxes

00006200     188 (00006200)     _ECanbRegs

00006240     189 (00006240)     _ECanbLAMRegs

00006280     18a (00006280)     _ECanbMOTSRegs

000062c0     18b (000062c0)     _ECanbMOTORegs

00006300     18c (00006300)     _ECanbMboxes

00006800     1a0 (00006800)     _EPwm1Regs

00006840     1a1 (00006840)     _EPwm2Regs

00006880     1a2 (00006880)     _EPwm3Regs

000068c0     1a3 (000068c0)     _EPwm4Regs

00006900     1a4 (00006900)     _EPwm5Regs

00006940     1a5 (00006940)     _EPwm6Regs

00006a00     1a8 (00006a00)     _ECap1Regs
00006a20     1a8 (00006a00)     _ECap2Regs

00006a40     1a9 (00006a40)     _ECap3Regs
00006a60     1a9 (00006a40)     _ECap4Regs

00006a80     1aa (00006a80)     _ECap5Regs
00006aa0     1aa (00006a80)     _ECap6Regs

00006b00     1ac (00006b00)     _EQep1Regs

00006b40     1ad (00006b40)     _EQep2Regs

00006f80     1be (00006f80)     _GpioCtrlRegs

00006fc0     1bf (00006fc0)     _GpioDataRegs
00006fe0     1bf (00006fc0)     _GpioIntRegs

00007010     1c0 (00007000)     _SysCtrlRegs

00007040     1c1 (00007040)     _SpiaRegs
00007050     1c1 (00007040)     _SciaRegs
00007070     1c1 (00007040)     _XIntruptRegs

00007100     1c4 (00007100)     _AdcRegs

00007750     1dd (00007740)     _ScibRegs
00007770     1dd (00007740)     _ScicRegs

00007900     1e4 (00007900)     _I2caRegs

0000c000     300 (0000c000)     _a1
0000c001     300 (0000c000)     _DC_Voltage2
0000c002     300 (0000c000)     _a2
0000c003     300 (0000c000)     _count
0000c004     300 (0000c000)     _a3
0000c005     300 (0000c000)     _sdata
0000c006     300 (0000c000)     _AC_Current3
0000c007     300 (0000c000)     _DC_Voltage1
0000c008     300 (0000c000)     _AC_Current2
0000c009     300 (0000c000)     _AC_Current1
0000c00a     300 (0000c000)     _e0
0000c00c     300 (0000c000)     _da
0000c00e     300 (0000c000)     _db
0000c010     300 (0000c000)     _abs_ib
0000c012     300 (0000c000)     _sdd
0000c014     300 (0000c000)     _e1
0000c016     300 (0000c000)     _abs_ic
0000c018     300 (0000c000)     _dc
0000c01a     300 (0000c000)     _KP2
0000c01c     300 (0000c000)     _KI2
0000c01e     300 (0000c000)     _KP1
0000c020     300 (0000c000)     _Vdc_ref
0000c022     300 (0000c000)     _deltaVdc_ref
0000c024     300 (0000c000)     _KI1
0000c026     300 (0000c000)     _TPR
0000c028     300 (0000c000)     _e2
0000c02a     300 (0000c000)     _e3
0000c02c     300 (0000c000)     _ee0
0000c02e     300 (0000c000)     _P1
0000c030     300 (0000c000)     _deltaUm
0000c032     300 (0000c000)     _P0
0000c034     300 (0000c000)     _ee1
0000c036     300 (0000c000)     _ib
0000c038     300 (0000c000)     _ia
0000c03a     300 (0000c000)     _Vc1
0000c03c     300 (0000c000)     _ic
0000c03e     300 (0000c000)     _Vc2

0000c040     301 (0000c040)     _deltaVc
0000c042     301 (0000c040)     _Vdc
0000c044     301 (0000c040)     _imin
0000c046     301 (0000c040)     _imax
0000c048     301 (0000c040)     _Vm
0000c04a     301 (0000c040)     _abs_ia
0000c04c     301 (0000c040)     _i3rd
0000c04e     301 (0000c040)     _deltaVm

0000c080     302 (0000c080)     _graph3buffer

0000cd00     334 (0000cd00)     _graph2buffer

0000d980     366 (0000d980)     _graph1buffer

0000e600     398 (0000e600)     _graph4buffer

0000f280     3ca (0000f280)     _CpuTimer1
0000f288     3ca (0000f280)     _CpuTimer2
0000f290     3ca (0000f280)     _CpuTimer0
0000f298     3ca (0000f280)     _m
0000f29a     3ca (0000f280)     _KP
0000f29c     3ca (0000f280)     _temp_kd
0000f29e     3ca (0000f280)     _Um
0000f2a0     3ca (0000f280)     _temp_ki
0000f2a2     3ca (0000f280)     _KI
0000f2a4     3ca (0000f280)     _temp_kp
0000f2a6     3ca (0000f280)     _re_data
0000f2ac     3ca (0000f280)     ___TI_cleanup_ptr
0000f2ae     3ca (0000f280)     ___TI_dtors_ptr
0000f2b0     3ca (0000f280)     __lock
0000f2b2     3ca (0000f280)     __unlock
0000f2b4     3ca (0000f280)     _PieVectTableInit

0033fff8    cfff (0033ffc0)     _CsmPwl

00380090    e002 (00380080)     _PartIdRegs


GLOBAL SYMBOLS: SORTED ALPHABETICALLY BY Name 

page  address   name                 
----  -------   ----                 
0     00008000  .text                
0     00008b1f  C$$EXIT              
0     00008844  FS$$ADD              
0     00008b38  FS$$CMP              
0     000087bc  FS$$DIV              
0     000088b7  FS$$MPY              
0     00008b9f  FS$$NEG              
0     0000883f  FS$$SUB              
0     00008a25  FS$$TOL              
0     00008a98  FS$$TOU              
0     000089fb  L$$DIV               
0     00008a0a  L$$MOD               
0     00008aec  L$$TOFS              
0     00008b77  U$$TOFS              
0     00008a18  UL$$DIV              
0     00008a1f  UL$$MOD              
1     0000c009  _AC_Current1         
1     0000c008  _AC_Current2         
1     0000c006  _AC_Current3         
0     000082f1  _ADCINT_ISR          
0     00380080  _ADC_cal             
1     00000b00  _AdcMirror           
1     00007100  _AdcRegs             
1     0000f290  _CpuTimer0           
1     00000c00  _CpuTimer0Regs       
1     0000f280  _CpuTimer1           
1     00000c08  _CpuTimer1Regs       
1     0000f288  _CpuTimer2           
1     00000c10  _CpuTimer2Regs       
1     0033fff8  _CsmPwl              
1     00000ae0  _CsmRegs             
0     000085e9  _CsmUnlock           
0     00008288  _DATALOG_ISR         
1     0000c007  _DC_Voltage1         
1     0000c001  _DC_Voltage2         
0     00008382  _DINTCH1_ISR         
0     00008387  _DINTCH2_ISR         
0     0000838c  _DINTCH3_ISR         
0     00008391  _DINTCH4_ISR         
0     00008396  _DINTCH5_ISR         
0     0000839b  _DINTCH6_ISR         
0     00008b98  _DSP28x_DisableInt   
0     00008b9c  _DSP28x_RestoreInt   
0     00008c43  _DSP28x_usDelay      
1     00000880  _DevEmuRegs          
0     00008535  _DisableDog          
1     00001000  _DmaRegs             
0     000083c8  _ECAN0INTA_ISR       
0     000083d2  _ECAN0INTB_ISR       
0     000083cd  _ECAN1INTA_ISR       
0     000083d7  _ECAN1INTB_ISR       
0     0000833c  _ECAP1_INT_ISR       
0     00008341  _ECAP2_INT_ISR       
0     00008346  _ECAP3_INT_ISR       
0     0000834b  _ECAP4_INT_ISR       
0     00008350  _ECAP5_INT_ISR       
0     00008355  _ECAP6_INT_ISR       
1     00006040  _ECanaLAMRegs        
1     000060c0  _ECanaMOTORegs       
1     00006080  _ECanaMOTSRegs       
1     00006100  _ECanaMboxes         
1     00006000  _ECanaRegs           
1     00006240  _ECanbLAMRegs        
1     000062c0  _ECanbMOTORegs       
1     00006280  _ECanbMOTSRegs       
1     00006300  _ECanbMboxes         
1     00006200  _ECanbRegs           
1     00006a00  _ECap1Regs           
1     00006a20  _ECap2Regs           
1     00006a40  _ECap3Regs           
1     00006a60  _ECap4Regs           
1     00006a80  _ECap5Regs           
1     00006aa0  _ECap6Regs           
0     00008292  _EMUINT_ISR          
0     0000831e  _EPWM1_INT_ISR       
0     00008300  _EPWM1_TZINT_ISR     
0     00008323  _EPWM2_INT_ISR       
0     00008305  _EPWM2_TZINT_ISR     
0     00008328  _EPWM3_INT_ISR       
0     0000830a  _EPWM3_TZINT_ISR     
0     0000832d  _EPWM4_INT_ISR       
0     0000830f  _EPWM4_TZINT_ISR     
0     00008332  _EPWM5_INT_ISR       
0     00008314  _EPWM5_TZINT_ISR     
0     00008337  _EPWM6_INT_ISR       
0     00008319  _EPWM6_TZINT_ISR     
1     00006800  _EPwm1Regs           
1     00006840  _EPwm2Regs           
1     00006880  _EPwm3Regs           
1     000068c0  _EPwm4Regs           
1     00006900  _EPwm5Regs           
1     00006940  _EPwm6Regs           
0     0000835a  _EQEP1_INT_ISR       
0     0000835f  _EQEP2_INT_ISR       
1     00006b00  _EQep1Regs           
1     00006b40  _EQep2Regs           
0     00008a6d  _EnableInterrupts    
1     00000a80  _FlashRegs           
1     00006f80  _GpioCtrlRegs        
1     00006fc0  _GpioDataRegs        
1     00006fe0  _GpioIntRegs         
0     000083a0  _I2CINT1A_ISR        
0     000083a5  _I2CINT2A_ISR        
1     00007900  _I2caRegs            
0     0000829c  _ILLEGAL_ISR         
0     0000827e  _INT13_ISR           
0     00008283  _INT14_ISR           
0     00008b4f  _InitAdc             
0     000086ec  _InitEPwm1Example    
0     00008720  _InitEPwm2Example    
0     00008754  _InitEPwm3Example    
0     00008788  _InitEPwm4Example    
0     00008ad1  _InitGpio            
0     0000858e  _InitPeripheralClocks
0     00008a4e  _InitPieCtrl         
0     00008a76  _InitPieVectTable    
0     0000853d  _InitPll             
0     00008911  _InitSci             
0     00008912  _InitSciGpio         
0     00008919  _InitSciaGpio        
0     0000892f  _InitScibGpio        
0     00008943  _InitScicGpio        
0     000089cf  _InitSpi             
0     000089d0  _InitSpiGpio         
0     000089d3  _InitSpiaGpio        
0     00008522  _InitSysCtrl         
1     0000f2a2  _KI                  
1     0000c024  _KI1                 
1     0000c01c  _KI2                 
1     0000f29a  _KP                  
1     0000c01e  _KP1                 
1     0000c01a  _KP2                 
0     000083fa  _LUF_ISR             
0     000083f5  _LVF_ISR             
0     00008378  _MRINTA_ISR          
0     0000836e  _MRINTB_ISR          
0     0000837d  _MXINTA_ISR          
0     00008373  _MXINTB_ISR          
1     00005000  _McbspaRegs          
1     00005040  _McbspbRegs          
0     00008297  _NMI_ISR             
1     0000c032  _P0                  
1     0000c02e  _P1                  
0     000083ff  _PIE_RESERVED        
0     000084c6  _PI_Vm               
0     0000846e  _PI_deltaVm          
1     00380090  _PartIdRegs          
1     00000ce0  _PieCtrlRegs         
1     00000d00  _PieVectTable        
1     0000f2b4  _PieVectTableInit    
0     0000828d  _RTOSINT_ISR         
0     000083b4  _SCIRXINTA_ISR       
0     000083be  _SCIRXINTB_ISR       
0     000083aa  _SCIRXINTC_ISR       
0     000083b9  _SCITXINTA_ISR       
0     000083c3  _SCITXINTB_ISR       
0     000083af  _SCITXINTC_ISR       
0     000082dd  _SEQ1INT_ISR         
0     000082e2  _SEQ2INT_ISR         
0     00008364  _SPIRXINTA_ISR       
0     00008369  _SPITXINTA_ISR       
1     00007050  _SciaRegs            
1     00007750  _ScibRegs            
1     00007770  _ScicRegs            
0     0000852b  _ServiceDog          
0     00008ba4  _SetDBGIER           
1     00007040  _SpiaRegs            
1     00007010  _SysCtrlRegs         
0     000082f6  _TINT0_ISR           
1     0000c026  _TPR                 
0     000082ce  _USER10_ISR          
0     000082d3  _USER11_ISR          
0     000082d8  _USER12_ISR          
0     000082a1  _USER1_ISR           
0     000082a6  _USER2_ISR           
0     000082ab  _USER3_ISR           
0     000082b0  _USER4_ISR           
0     000082b5  _USER5_ISR           
0     000082ba  _USER6_ISR           
0     000082bf  _USER7_ISR           
0     000082c4  _USER8_ISR           
0     000082c9  _USER9_ISR           
1     0000f29e  _Um                  
1     0000c03a  _Vc1                 
1     0000c03e  _Vc2                 
1     0000c042  _Vdc                 
1     0000c020  _Vdc_ref             
1     0000c048  _Vm                  
0     000082fb  _WAKEINT_ISR         
0     000082e7  _XINT1_ISR           
0     000082ec  _XINT2_ISR           
0     000083dc  _XINT3_ISR           
0     000083e1  _XINT4_ISR           
0     000083e6  _XINT5_ISR           
0     000083eb  _XINT6_ISR           
0     000083f0  _XINT7_ISR           
1     00007070  _XIntruptRegs        
1     00000b20  _XintfRegs           
1     00000700  __STACK_END          
abs   00000300  __STACK_SIZE         
1     0000f2ac  ___TI_cleanup_ptr    
1     0000f2ae  ___TI_dtors_ptr      
abs   ffffffff  ___binit__           
abs   ffffffff  ___c_args__          
0     00008ba7  ___cinit__           
0     00008ba7  ___etext__           
abs   ffffffff  ___pinit__           
0     00008000  ___text__            
0     00008b06  __args_main          
1     0000f2b0  __lock               
0     00008b8f  __nop                
0     00008b8b  __register_lock      
0     00008b87  __register_unlock    
1     00000400  __stack              
1     0000f2b2  __unlock             
1     0000c000  _a1                  
1     0000c002  _a2                  
1     0000c004  _a3                  
0     00008b1f  _abort               
1     0000c04a  _abs_ia              
1     0000c010  _abs_ib              
1     0000c016  _abs_ic              
0     0000899d  _adc_config          
0     00008000  _adc_isr             
0     00008959  _c_int00             
1     0000c003  _count               
1     0000c00c  _da                  
1     0000c00e  _db                  
1     0000c018  _dc                  
1     0000c030  _deltaUm             
1     0000c040  _deltaVc             
1     0000c022  _deltaVdc_ref        
1     0000c04e  _deltaVm             
1     0000c00a  _e0                  
1     0000c014  _e1                  
1     0000c028  _e2                  
1     0000c02a  _e3                  
1     0000c02c  _ee0                 
1     0000c034  _ee1                 
0     00008b21  _exit                
1     0000d980  _graph1buffer        
1     0000cd00  _graph2buffer        
1     0000c080  _graph3buffer        
1     0000e600  _graph4buffer        
1     0000c04c  _i3rd                
1     0000c038  _ia                  
1     0000c036  _ib                  
1     0000c03c  _ic                  
1     0000c046  _imax                
1     0000c044  _imin                
1     0000f298  _m                   
0     00008409  _main                
1     0000f2a6  _re_data             
0     00008404  _rsvd_ISR            
0     00008b63  _sci_init            
1     0000c005  _sdata               
1     0000c012  _sdd                 
0     00008ac9  _spi_fifo_init       
0     00008ab5  _spi_init            
0     00008ac2  _spi_xmit            
1     0000f29c  _temp_kd             
1     0000f2a0  _temp_ki             
1     0000f2a4  _temp_kp             
0     00008623  _uartIsr             
0     0000861a  _uart_send           
abs   ffffffff  binit                
0     00008ba7  cinit                
0     00000000  code_start           
0     00008ba7  etext                
abs   ffffffff  pinit                


GLOBAL SYMBOLS: SORTED BY Symbol Address 

page  address   name                 
----  -------   ----                 
0     00000000  code_start           
0     00008000  .text                
0     00008000  ___text__            
0     00008000  _adc_isr             
0     0000827e  _INT13_ISR           
0     00008283  _INT14_ISR           
0     00008288  _DATALOG_ISR         
0     0000828d  _RTOSINT_ISR         
0     00008292  _EMUINT_ISR          
0     00008297  _NMI_ISR             
0     0000829c  _ILLEGAL_ISR         
0     000082a1  _USER1_ISR           
0     000082a6  _USER2_ISR           
0     000082ab  _USER3_ISR           
0     000082b0  _USER4_ISR           
0     000082b5  _USER5_ISR           
0     000082ba  _USER6_ISR           
0     000082bf  _USER7_ISR           
0     000082c4  _USER8_ISR           
0     000082c9  _USER9_ISR           
0     000082ce  _USER10_ISR          
0     000082d3  _USER11_ISR          
0     000082d8  _USER12_ISR          
0     000082dd  _SEQ1INT_ISR         
0     000082e2  _SEQ2INT_ISR         
0     000082e7  _XINT1_ISR           
0     000082ec  _XINT2_ISR           
0     000082f1  _ADCINT_ISR          
0     000082f6  _TINT0_ISR           
0     000082fb  _WAKEINT_ISR         
0     00008300  _EPWM1_TZINT_ISR     
0     00008305  _EPWM2_TZINT_ISR     
0     0000830a  _EPWM3_TZINT_ISR     
0     0000830f  _EPWM4_TZINT_ISR     
0     00008314  _EPWM5_TZINT_ISR     
0     00008319  _EPWM6_TZINT_ISR     
0     0000831e  _EPWM1_INT_ISR       
0     00008323  _EPWM2_INT_ISR       
0     00008328  _EPWM3_INT_ISR       
0     0000832d  _EPWM4_INT_ISR       
0     00008332  _EPWM5_INT_ISR       
0     00008337  _EPWM6_INT_ISR       
0     0000833c  _ECAP1_INT_ISR       
0     00008341  _ECAP2_INT_ISR       
0     00008346  _ECAP3_INT_ISR       
0     0000834b  _ECAP4_INT_ISR       
0     00008350  _ECAP5_INT_ISR       
0     00008355  _ECAP6_INT_ISR       
0     0000835a  _EQEP1_INT_ISR       
0     0000835f  _EQEP2_INT_ISR       
0     00008364  _SPIRXINTA_ISR       
0     00008369  _SPITXINTA_ISR       
0     0000836e  _MRINTB_ISR          
0     00008373  _MXINTB_ISR          
0     00008378  _MRINTA_ISR          
0     0000837d  _MXINTA_ISR          
0     00008382  _DINTCH1_ISR         
0     00008387  _DINTCH2_ISR         
0     0000838c  _DINTCH3_ISR         
0     00008391  _DINTCH4_ISR         
0     00008396  _DINTCH5_ISR         
0     0000839b  _DINTCH6_ISR         
0     000083a0  _I2CINT1A_ISR        
0     000083a5  _I2CINT2A_ISR        
0     000083aa  _SCIRXINTC_ISR       
0     000083af  _SCITXINTC_ISR       
0     000083b4  _SCIRXINTA_ISR       
0     000083b9  _SCITXINTA_ISR       
0     000083be  _SCIRXINTB_ISR       
0     000083c3  _SCITXINTB_ISR       
0     000083c8  _ECAN0INTA_ISR       
0     000083cd  _ECAN1INTA_ISR       
0     000083d2  _ECAN0INTB_ISR       
0     000083d7  _ECAN1INTB_ISR       
0     000083dc  _XINT3_ISR           
0     000083e1  _XINT4_ISR           
0     000083e6  _XINT5_ISR           
0     000083eb  _XINT6_ISR           
0     000083f0  _XINT7_ISR           
0     000083f5  _LVF_ISR             
0     000083fa  _LUF_ISR             
0     000083ff  _PIE_RESERVED        
0     00008404  _rsvd_ISR            
0     00008409  _main                
0     0000846e  _PI_deltaVm          
0     000084c6  _PI_Vm               
0     00008522  _InitSysCtrl         
0     0000852b  _ServiceDog          
0     00008535  _DisableDog          
0     0000853d  _InitPll             
0     0000858e  _InitPeripheralClocks
0     000085e9  _CsmUnlock           
0     0000861a  _uart_send           
0     00008623  _uartIsr             
0     000086ec  _InitEPwm1Example    
0     00008720  _InitEPwm2Example    
0     00008754  _InitEPwm3Example    
0     00008788  _InitEPwm4Example    
0     000087bc  FS$$DIV              
0     0000883f  FS$$SUB              
0     00008844  FS$$ADD              
0     000088b7  FS$$MPY              
0     00008911  _InitSci             
0     00008912  _InitSciGpio         
0     00008919  _InitSciaGpio        
0     0000892f  _InitScibGpio        
0     00008943  _InitScicGpio        
0     00008959  _c_int00             
0     0000899d  _adc_config          
0     000089cf  _InitSpi             
0     000089d0  _InitSpiGpio         
0     000089d3  _InitSpiaGpio        
0     000089fb  L$$DIV               
0     00008a0a  L$$MOD               
0     00008a18  UL$$DIV              
0     00008a1f  UL$$MOD              
0     00008a25  FS$$TOL              
0     00008a4e  _InitPieCtrl         
0     00008a6d  _EnableInterrupts    
0     00008a76  _InitPieVectTable    
0     00008a98  FS$$TOU              
0     00008ab5  _spi_init            
0     00008ac2  _spi_xmit            
0     00008ac9  _spi_fifo_init       
0     00008ad1  _InitGpio            
0     00008aec  L$$TOFS              
0     00008b06  __args_main          
0     00008b1f  C$$EXIT              
0     00008b1f  _abort               
0     00008b21  _exit                
0     00008b38  FS$$CMP              
0     00008b4f  _InitAdc             
0     00008b63  _sci_init            
0     00008b77  U$$TOFS              
0     00008b87  __register_unlock    
0     00008b8b  __register_lock      
0     00008b8f  __nop                
0     00008b98  _DSP28x_DisableInt   
0     00008b9c  _DSP28x_RestoreInt   
0     00008b9f  FS$$NEG              
0     00008ba4  _SetDBGIER           
0     00008ba7  ___cinit__           
0     00008ba7  ___etext__           
0     00008ba7  cinit                
0     00008ba7  etext                
0     00008c43  _DSP28x_usDelay      
0     00380080  _ADC_cal             
1     00000400  __stack              
1     00000700  __STACK_END          
1     00000880  _DevEmuRegs          
1     00000a80  _FlashRegs           
1     00000ae0  _CsmRegs             
1     00000b00  _AdcMirror           
1     00000b20  _XintfRegs           
1     00000c00  _CpuTimer0Regs       
1     00000c08  _CpuTimer1Regs       
1     00000c10  _CpuTimer2Regs       
1     00000ce0  _PieCtrlRegs         
1     00000d00  _PieVectTable        
1     00001000  _DmaRegs             
1     00005000  _McbspaRegs          
1     00005040  _McbspbRegs          
1     00006000  _ECanaRegs           
1     00006040  _ECanaLAMRegs        
1     00006080  _ECanaMOTSRegs       
1     000060c0  _ECanaMOTORegs       
1     00006100  _ECanaMboxes         
1     00006200  _ECanbRegs           
1     00006240  _ECanbLAMRegs        
1     00006280  _ECanbMOTSRegs       
1     000062c0  _ECanbMOTORegs       
1     00006300  _ECanbMboxes         
1     00006800  _EPwm1Regs           
1     00006840  _EPwm2Regs           
1     00006880  _EPwm3Regs           
1     000068c0  _EPwm4Regs           
1     00006900  _EPwm5Regs           
1     00006940  _EPwm6Regs           
1     00006a00  _ECap1Regs           
1     00006a20  _ECap2Regs           
1     00006a40  _ECap3Regs           
1     00006a60  _ECap4Regs           
1     00006a80  _ECap5Regs           
1     00006aa0  _ECap6Regs           
1     00006b00  _EQep1Regs           
1     00006b40  _EQep2Regs           
1     00006f80  _GpioCtrlRegs        
1     00006fc0  _GpioDataRegs        
1     00006fe0  _GpioIntRegs         
1     00007010  _SysCtrlRegs         
1     00007040  _SpiaRegs            
1     00007050  _SciaRegs            
1     00007070  _XIntruptRegs        
1     00007100  _AdcRegs             
1     00007750  _ScibRegs            
1     00007770  _ScicRegs            
1     00007900  _I2caRegs            
1     0000c000  _a1                  
1     0000c001  _DC_Voltage2         
1     0000c002  _a2                  
1     0000c003  _count               
1     0000c004  _a3                  
1     0000c005  _sdata               
1     0000c006  _AC_Current3         
1     0000c007  _DC_Voltage1         
1     0000c008  _AC_Current2         
1     0000c009  _AC_Current1         
1     0000c00a  _e0                  
1     0000c00c  _da                  
1     0000c00e  _db                  
1     0000c010  _abs_ib              
1     0000c012  _sdd                 
1     0000c014  _e1                  
1     0000c016  _abs_ic              
1     0000c018  _dc                  
1     0000c01a  _KP2                 
1     0000c01c  _KI2                 
1     0000c01e  _KP1                 
1     0000c020  _Vdc_ref             
1     0000c022  _deltaVdc_ref        
1     0000c024  _KI1                 
1     0000c026  _TPR                 
1     0000c028  _e2                  
1     0000c02a  _e3                  
1     0000c02c  _ee0                 
1     0000c02e  _P1                  
1     0000c030  _deltaUm             
1     0000c032  _P0                  
1     0000c034  _ee1                 
1     0000c036  _ib                  
1     0000c038  _ia                  
1     0000c03a  _Vc1                 
1     0000c03c  _ic                  
1     0000c03e  _Vc2                 
1     0000c040  _deltaVc             
1     0000c042  _Vdc                 
1     0000c044  _imin                
1     0000c046  _imax                
1     0000c048  _Vm                  
1     0000c04a  _abs_ia              
1     0000c04c  _i3rd                
1     0000c04e  _deltaVm             
1     0000c080  _graph3buffer        
1     0000cd00  _graph2buffer        
1     0000d980  _graph1buffer        
1     0000e600  _graph4buffer        
1     0000f280  _CpuTimer1           
1     0000f288  _CpuTimer2           
1     0000f290  _CpuTimer0           
1     0000f298  _m                   
1     0000f29a  _KP                  
1     0000f29c  _temp_kd             
1     0000f29e  _Um                  
1     0000f2a0  _temp_ki             
1     0000f2a2  _KI                  
1     0000f2a4  _temp_kp             
1     0000f2a6  _re_data             
1     0000f2ac  ___TI_cleanup_ptr    
1     0000f2ae  ___TI_dtors_ptr      
1     0000f2b0  __lock               
1     0000f2b2  __unlock             
1     0000f2b4  _PieVectTableInit    
1     0033fff8  _CsmPwl              
1     00380090  _PartIdRegs          
abs   00000300  __STACK_SIZE         
abs   ffffffff  ___binit__           
abs   ffffffff  ___c_args__          
abs   ffffffff  ___pinit__           
abs   ffffffff  binit                
abs   ffffffff  pinit                

[270 symbols]
