<?xml version="1.0"?>
<link_info>
   <banner>TMS320C2000 Linker PC v6.4.2</banner>
   <copyright>Copyright (c) 1996-2015 Texas Instruments Incorporated</copyright>
   <link_time>0x5c261faa</link_time>
   <link_errors>0x0</link_errors>
   <output_file>Vienna_OCC.out</output_file>
   <entry_point>
      <name>_c_int00</name>
      <address>0x8959</address>
   </entry_point>
   <input_file_list>
      <input_file id="fl-2">
         <path>.\</path>
         <kind>object</kind>
         <file>ADC_config.obj</file>
         <name>ADC_config.obj</name>
      </input_file>
      <input_file id="fl-3">
         <path>.\</path>
         <kind>object</kind>
         <file>PWM_config.obj</file>
         <name>PWM_config.obj</name>
      </input_file>
      <input_file id="fl-4">
         <path>.\</path>
         <kind>object</kind>
         <file>Spi.obj</file>
         <name>Spi.obj</name>
      </input_file>
      <input_file id="fl-5">
         <path>.\</path>
         <kind>object</kind>
         <file>main.obj</file>
         <name>main.obj</name>
      </input_file>
      <input_file id="fl-6">
         <path>.\</path>
         <kind>object</kind>
         <file>sci.obj</file>
         <name>sci.obj</name>
      </input_file>
      <input_file id="fl-7">
         <path>.\Lib_from_Ti\Lib_source\</path>
         <kind>object</kind>
         <file>DSP2833x_ADC_cal.obj</file>
         <name>DSP2833x_ADC_cal.obj</name>
      </input_file>
      <input_file id="fl-8">
         <path>.\Lib_from_Ti\Lib_source\</path>
         <kind>object</kind>
         <file>DSP2833x_Adc.obj</file>
         <name>DSP2833x_Adc.obj</name>
      </input_file>
      <input_file id="fl-9">
         <path>.\Lib_from_Ti\Lib_source\</path>
         <kind>object</kind>
         <file>DSP2833x_CSMPasswords.obj</file>
         <name>DSP2833x_CSMPasswords.obj</name>
      </input_file>
      <input_file id="fl-a">
         <path>.\Lib_from_Ti\Lib_source\</path>
         <kind>object</kind>
         <file>DSP2833x_CodeStartBranch.obj</file>
         <name>DSP2833x_CodeStartBranch.obj</name>
      </input_file>
      <input_file id="fl-b">
         <path>.\Lib_from_Ti\Lib_source\</path>
         <kind>object</kind>
         <file>DSP2833x_CpuTimers.obj</file>
         <name>DSP2833x_CpuTimers.obj</name>
      </input_file>
      <input_file id="fl-c">
         <path>.\Lib_from_Ti\Lib_source\</path>
         <kind>object</kind>
         <file>DSP2833x_DBGIER.obj</file>
         <name>DSP2833x_DBGIER.obj</name>
      </input_file>
      <input_file id="fl-d">
         <path>.\Lib_from_Ti\Lib_source\</path>
         <kind>object</kind>
         <file>DSP2833x_DMA.obj</file>
         <name>DSP2833x_DMA.obj</name>
      </input_file>
      <input_file id="fl-e">
         <path>.\Lib_from_Ti\Lib_source\</path>
         <kind>object</kind>
         <file>DSP2833x_DefaultIsr.obj</file>
         <name>DSP2833x_DefaultIsr.obj</name>
      </input_file>
      <input_file id="fl-f">
         <path>.\Lib_from_Ti\Lib_source\</path>
         <kind>object</kind>
         <file>DSP2833x_DisInt.obj</file>
         <name>DSP2833x_DisInt.obj</name>
      </input_file>
      <input_file id="fl-10">
         <path>.\Lib_from_Ti\Lib_source\</path>
         <kind>object</kind>
         <file>DSP2833x_ECan.obj</file>
         <name>DSP2833x_ECan.obj</name>
      </input_file>
      <input_file id="fl-11">
         <path>.\Lib_from_Ti\Lib_source\</path>
         <kind>object</kind>
         <file>DSP2833x_ECap.obj</file>
         <name>DSP2833x_ECap.obj</name>
      </input_file>
      <input_file id="fl-12">
         <path>.\Lib_from_Ti\Lib_source\</path>
         <kind>object</kind>
         <file>DSP2833x_EPwm.obj</file>
         <name>DSP2833x_EPwm.obj</name>
      </input_file>
      <input_file id="fl-13">
         <path>.\Lib_from_Ti\Lib_source\</path>
         <kind>object</kind>
         <file>DSP2833x_EQep.obj</file>
         <name>DSP2833x_EQep.obj</name>
      </input_file>
      <input_file id="fl-14">
         <path>.\Lib_from_Ti\Lib_source\</path>
         <kind>object</kind>
         <file>DSP2833x_GlobalVariableDefs.obj</file>
         <name>DSP2833x_GlobalVariableDefs.obj</name>
      </input_file>
      <input_file id="fl-15">
         <path>.\Lib_from_Ti\Lib_source\</path>
         <kind>object</kind>
         <file>DSP2833x_Gpio.obj</file>
         <name>DSP2833x_Gpio.obj</name>
      </input_file>
      <input_file id="fl-16">
         <path>.\Lib_from_Ti\Lib_source\</path>
         <kind>object</kind>
         <file>DSP2833x_I2C.obj</file>
         <name>DSP2833x_I2C.obj</name>
      </input_file>
      <input_file id="fl-17">
         <path>.\Lib_from_Ti\Lib_source\</path>
         <kind>object</kind>
         <file>DSP2833x_Mcbsp.obj</file>
         <name>DSP2833x_Mcbsp.obj</name>
      </input_file>
      <input_file id="fl-18">
         <path>.\Lib_from_Ti\Lib_source\</path>
         <kind>object</kind>
         <file>DSP2833x_MemCopy.obj</file>
         <name>DSP2833x_MemCopy.obj</name>
      </input_file>
      <input_file id="fl-19">
         <path>.\Lib_from_Ti\Lib_source\</path>
         <kind>object</kind>
         <file>DSP2833x_PieCtrl.obj</file>
         <name>DSP2833x_PieCtrl.obj</name>
      </input_file>
      <input_file id="fl-1a">
         <path>.\Lib_from_Ti\Lib_source\</path>
         <kind>object</kind>
         <file>DSP2833x_PieVect.obj</file>
         <name>DSP2833x_PieVect.obj</name>
      </input_file>
      <input_file id="fl-1b">
         <path>.\Lib_from_Ti\Lib_source\</path>
         <kind>object</kind>
         <file>DSP2833x_Sci.obj</file>
         <name>DSP2833x_Sci.obj</name>
      </input_file>
      <input_file id="fl-1c">
         <path>.\Lib_from_Ti\Lib_source\</path>
         <kind>object</kind>
         <file>DSP2833x_Spi.obj</file>
         <name>DSP2833x_Spi.obj</name>
      </input_file>
      <input_file id="fl-1d">
         <path>.\Lib_from_Ti\Lib_source\</path>
         <kind>object</kind>
         <file>DSP2833x_SysCtrl.obj</file>
         <name>DSP2833x_SysCtrl.obj</name>
      </input_file>
      <input_file id="fl-1e">
         <path>.\Lib_from_Ti\Lib_source\</path>
         <kind>object</kind>
         <file>DSP2833x_Xintf.obj</file>
         <name>DSP2833x_Xintf.obj</name>
      </input_file>
      <input_file id="fl-1f">
         <path>.\Lib_from_Ti\Lib_source\</path>
         <kind>object</kind>
         <file>DSP2833x_usDelay.obj</file>
         <name>DSP2833x_usDelay.obj</name>
      </input_file>
      <input_file id="fl-2a">
         <path>D:\ti\ccsv6\tools\compiler\ti-cgt-c2000_6.4.2\lib\</path>
         <kind>archive</kind>
         <file>rts2800_ml.lib</file>
         <name>boot.obj</name>
      </input_file>
      <input_file id="fl-2b">
         <path>D:\ti\ccsv6\tools\compiler\ti-cgt-c2000_6.4.2\lib\</path>
         <kind>archive</kind>
         <file>rts2800_ml.lib</file>
         <name>exit.obj</name>
      </input_file>
      <input_file id="fl-2c">
         <path>D:\ti\ccsv6\tools\compiler\ti-cgt-c2000_6.4.2\lib\</path>
         <kind>archive</kind>
         <file>rts2800_ml.lib</file>
         <name>fs_add.obj</name>
      </input_file>
      <input_file id="fl-2d">
         <path>D:\ti\ccsv6\tools\compiler\ti-cgt-c2000_6.4.2\lib\</path>
         <kind>archive</kind>
         <file>rts2800_ml.lib</file>
         <name>fs_cmp.obj</name>
      </input_file>
      <input_file id="fl-2e">
         <path>D:\ti\ccsv6\tools\compiler\ti-cgt-c2000_6.4.2\lib\</path>
         <kind>archive</kind>
         <file>rts2800_ml.lib</file>
         <name>fs_div.obj</name>
      </input_file>
      <input_file id="fl-2f">
         <path>D:\ti\ccsv6\tools\compiler\ti-cgt-c2000_6.4.2\lib\</path>
         <kind>archive</kind>
         <file>rts2800_ml.lib</file>
         <name>fs_mpy.obj</name>
      </input_file>
      <input_file id="fl-30">
         <path>D:\ti\ccsv6\tools\compiler\ti-cgt-c2000_6.4.2\lib\</path>
         <kind>archive</kind>
         <file>rts2800_ml.lib</file>
         <name>fs_neg.obj</name>
      </input_file>
      <input_file id="fl-31">
         <path>D:\ti\ccsv6\tools\compiler\ti-cgt-c2000_6.4.2\lib\</path>
         <kind>archive</kind>
         <file>rts2800_ml.lib</file>
         <name>fs_tol.obj</name>
      </input_file>
      <input_file id="fl-32">
         <path>D:\ti\ccsv6\tools\compiler\ti-cgt-c2000_6.4.2\lib\</path>
         <kind>archive</kind>
         <file>rts2800_ml.lib</file>
         <name>fs_tou.obj</name>
      </input_file>
      <input_file id="fl-33">
         <path>D:\ti\ccsv6\tools\compiler\ti-cgt-c2000_6.4.2\lib\</path>
         <kind>archive</kind>
         <file>rts2800_ml.lib</file>
         <name>l_div.obj</name>
      </input_file>
      <input_file id="fl-34">
         <path>D:\ti\ccsv6\tools\compiler\ti-cgt-c2000_6.4.2\lib\</path>
         <kind>archive</kind>
         <file>rts2800_ml.lib</file>
         <name>_lock.obj</name>
      </input_file>
      <input_file id="fl-35">
         <path>D:\ti\ccsv6\tools\compiler\ti-cgt-c2000_6.4.2\lib\</path>
         <kind>archive</kind>
         <file>rts2800_ml.lib</file>
         <name>l_tofs.obj</name>
      </input_file>
      <input_file id="fl-36">
         <path>D:\ti\ccsv6\tools\compiler\ti-cgt-c2000_6.4.2\lib\</path>
         <kind>archive</kind>
         <file>rts2800_ml.lib</file>
         <name>u_tofs.obj</name>
      </input_file>
      <input_file id="fl-37">
         <path>D:\ti\ccsv6\tools\compiler\ti-cgt-c2000_6.4.2\lib\</path>
         <kind>archive</kind>
         <file>rts2800_ml.lib</file>
         <name>args_main.obj</name>
      </input_file>
   </input_file_list>
   <object_component_list>
      <object_component id="oc-74">
         <name>codestart</name>
         <load_address>0x0</load_address>
         <run_address>0x0</run_address>
         <size>0x2</size>
         <input_file_ref idref="fl-a"/>
      </object_component>
      <object_component id="oc-10f">
         <name>ramfuncs</name>
         <load_address>0x8c43</load_address>
         <run_address>0x8c43</run_address>
         <size>0x4</size>
         <input_file_ref idref="fl-1f"/>
      </object_component>
      <object_component id="oc-5a">
         <name>.text:retain</name>
         <load_address>0x8000</load_address>
         <run_address>0x8000</run_address>
         <size>0x27e</size>
         <input_file_ref idref="fl-5"/>
      </object_component>
      <object_component id="oc-8a">
         <name>.text:retain</name>
         <load_address>0x827e</load_address>
         <run_address>0x827e</run_address>
         <size>0x18b</size>
         <input_file_ref idref="fl-e"/>
      </object_component>
      <object_component id="oc-160">
         <name>.text</name>
         <load_address>0x8409</load_address>
         <run_address>0x8409</run_address>
         <size>0x119</size>
         <input_file_ref idref="fl-5"/>
      </object_component>
      <object_component id="oc-163">
         <name>.text</name>
         <load_address>0x8522</load_address>
         <run_address>0x8522</run_address>
         <size>0xf8</size>
         <input_file_ref idref="fl-1d"/>
      </object_component>
      <object_component id="oc-62">
         <name>.text:retain</name>
         <load_address>0x861a</load_address>
         <run_address>0x861a</run_address>
         <size>0xd2</size>
         <input_file_ref idref="fl-6"/>
      </object_component>
      <object_component id="oc-169">
         <name>.text</name>
         <load_address>0x86ec</load_address>
         <run_address>0x86ec</run_address>
         <size>0xd0</size>
         <input_file_ref idref="fl-3"/>
      </object_component>
      <object_component id="oc-12b">
         <name>.text</name>
         <load_address>0x87bc</load_address>
         <run_address>0x87bc</run_address>
         <size>0x83</size>
         <input_file_ref idref="fl-2e"/>
      </object_component>
      <object_component id="oc-121">
         <name>.text</name>
         <load_address>0x883f</load_address>
         <run_address>0x883f</run_address>
         <size>0x78</size>
         <input_file_ref idref="fl-2c"/>
      </object_component>
      <object_component id="oc-130">
         <name>.text</name>
         <load_address>0x88b7</load_address>
         <run_address>0x88b7</run_address>
         <size>0x5a</size>
         <input_file_ref idref="fl-2f"/>
      </object_component>
      <object_component id="oc-165">
         <name>.text</name>
         <load_address>0x8911</load_address>
         <run_address>0x8911</run_address>
         <size>0x48</size>
         <input_file_ref idref="fl-1b"/>
      </object_component>
      <object_component id="oc-47">
         <name>.text</name>
         <load_address>0x8959</load_address>
         <run_address>0x8959</run_address>
         <size>0x44</size>
         <input_file_ref idref="fl-2a"/>
      </object_component>
      <object_component id="oc-16b">
         <name>.text</name>
         <load_address>0x899d</load_address>
         <run_address>0x899d</run_address>
         <size>0x32</size>
         <input_file_ref idref="fl-2"/>
      </object_component>
      <object_component id="oc-166">
         <name>.text</name>
         <load_address>0x89cf</load_address>
         <run_address>0x89cf</run_address>
         <size>0x2c</size>
         <input_file_ref idref="fl-1c"/>
      </object_component>
      <object_component id="oc-144">
         <name>.text</name>
         <load_address>0x89fb</load_address>
         <run_address>0x89fb</run_address>
         <size>0x2a</size>
         <input_file_ref idref="fl-33"/>
      </object_component>
      <object_component id="oc-13a">
         <name>.text</name>
         <load_address>0x8a25</load_address>
         <run_address>0x8a25</run_address>
         <size>0x29</size>
         <input_file_ref idref="fl-31"/>
      </object_component>
      <object_component id="oc-167">
         <name>.text</name>
         <load_address>0x8a4e</load_address>
         <run_address>0x8a4e</run_address>
         <size>0x28</size>
         <input_file_ref idref="fl-19"/>
      </object_component>
      <object_component id="oc-168">
         <name>.text</name>
         <load_address>0x8a76</load_address>
         <run_address>0x8a76</run_address>
         <size>0x22</size>
         <input_file_ref idref="fl-1a"/>
      </object_component>
      <object_component id="oc-13f">
         <name>.text</name>
         <load_address>0x8a98</load_address>
         <run_address>0x8a98</run_address>
         <size>0x1d</size>
         <input_file_ref idref="fl-32"/>
      </object_component>
      <object_component id="oc-15f">
         <name>.text</name>
         <load_address>0x8ab5</load_address>
         <run_address>0x8ab5</run_address>
         <size>0x1c</size>
         <input_file_ref idref="fl-4"/>
      </object_component>
      <object_component id="oc-164">
         <name>.text</name>
         <load_address>0x8ad1</load_address>
         <run_address>0x8ad1</run_address>
         <size>0x1b</size>
         <input_file_ref idref="fl-15"/>
      </object_component>
      <object_component id="oc-14e">
         <name>.text</name>
         <load_address>0x8aec</load_address>
         <run_address>0x8aec</run_address>
         <size>0x1a</size>
         <input_file_ref idref="fl-35"/>
      </object_component>
      <object_component id="oc-15d">
         <name>.text</name>
         <load_address>0x8b06</load_address>
         <run_address>0x8b06</run_address>
         <size>0x19</size>
         <input_file_ref idref="fl-37"/>
      </object_component>
      <object_component id="oc-15e">
         <name>.text</name>
         <load_address>0x8b1f</load_address>
         <run_address>0x8b1f</run_address>
         <size>0x19</size>
         <input_file_ref idref="fl-2b"/>
      </object_component>
      <object_component id="oc-126">
         <name>.text</name>
         <load_address>0x8b38</load_address>
         <run_address>0x8b38</run_address>
         <size>0x17</size>
         <input_file_ref idref="fl-2d"/>
      </object_component>
      <object_component id="oc-16a">
         <name>.text</name>
         <load_address>0x8b4f</load_address>
         <run_address>0x8b4f</run_address>
         <size>0x14</size>
         <input_file_ref idref="fl-8"/>
      </object_component>
      <object_component id="oc-16c">
         <name>.text</name>
         <load_address>0x8b63</load_address>
         <run_address>0x8b63</run_address>
         <size>0x14</size>
         <input_file_ref idref="fl-6"/>
      </object_component>
      <object_component id="oc-153">
         <name>.text</name>
         <load_address>0x8b77</load_address>
         <run_address>0x8b77</run_address>
         <size>0x10</size>
         <input_file_ref idref="fl-36"/>
      </object_component>
      <object_component id="oc-16d">
         <name>.text</name>
         <load_address>0x8b87</load_address>
         <run_address>0x8b87</run_address>
         <size>0x9</size>
         <input_file_ref idref="fl-34"/>
      </object_component>
      <object_component id="oc-73">
         <name>.text</name>
         <load_address>0x8b90</load_address>
         <run_address>0x8b90</run_address>
         <size>0x8</size>
         <input_file_ref idref="fl-a"/>
      </object_component>
      <object_component id="oc-8f">
         <name>.text</name>
         <load_address>0x8b98</load_address>
         <run_address>0x8b98</run_address>
         <size>0x7</size>
         <input_file_ref idref="fl-f"/>
      </object_component>
      <object_component id="oc-135">
         <name>.text</name>
         <load_address>0x8b9f</load_address>
         <run_address>0x8b9f</run_address>
         <size>0x5</size>
         <input_file_ref idref="fl-30"/>
      </object_component>
      <object_component id="oc-7f">
         <name>.text</name>
         <load_address>0x8ba4</load_address>
         <run_address>0x8ba4</run_address>
         <size>0x3</size>
         <input_file_ref idref="fl-c"/>
      </object_component>
      <object_component id="oc-58">
         <name>.cinit</name>
         <load_address>0x8ba7</load_address>
         <run_address>0x8ba7</run_address>
         <size>0x5d</size>
         <input_file_ref idref="fl-5"/>
      </object_component>
      <object_component id="oc-60">
         <name>.cinit</name>
         <load_address>0x8c04</load_address>
         <run_address>0x8c04</run_address>
         <size>0x29</size>
         <input_file_ref idref="fl-6"/>
      </object_component>
      <object_component id="oc-11b">
         <name>.cinit</name>
         <load_address>0x8c2d</load_address>
         <run_address>0x8c2d</run_address>
         <size>0xa</size>
         <input_file_ref idref="fl-2b"/>
      </object_component>
      <object_component id="oc-162">
         <name>.cinit:__lock</name>
         <load_address>0x8c37</load_address>
         <run_address>0x8c37</run_address>
         <size>0x5</size>
         <input_file_ref idref="fl-34"/>
      </object_component>
      <object_component id="oc-16e">
         <name>.cinit:__unlock</name>
         <load_address>0x8c3c</load_address>
         <run_address>0x8c3c</run_address>
         <size>0x5</size>
         <input_file_ref idref="fl-34"/>
      </object_component>
      <object_component id="oc-114">
         <name>.stack</name>
         <uninitialized>true</uninitialized>
         <run_address>0x400</run_address>
         <size>0x0</size>
         <input_file_ref idref="fl-2a"/>
      </object_component>
      <object_component id="oc-1bf">
         <name>.stack</name>
         <uninitialized>true</uninitialized>
         <run_address>0x400</run_address>
         <size>0x0</size>
      </object_component>
      <object_component id="oc-59">
         <name>.ebss</name>
         <uninitialized>true</uninitialized>
         <run_address>0xc000</run_address>
         <size>0x3280</size>
         <input_file_ref idref="fl-5"/>
      </object_component>
      <object_component id="oc-61">
         <name>.ebss</name>
         <uninitialized>true</uninitialized>
         <run_address>0xf298</run_address>
         <size>0x13</size>
         <input_file_ref idref="fl-6"/>
      </object_component>
      <object_component id="oc-7a">
         <name>.ebss</name>
         <uninitialized>true</uninitialized>
         <run_address>0xf280</run_address>
         <size>0x18</size>
         <input_file_ref idref="fl-b"/>
      </object_component>
      <object_component id="oc-11c">
         <name>.ebss</name>
         <uninitialized>true</uninitialized>
         <run_address>0xf2ac</run_address>
         <size>0x4</size>
         <input_file_ref idref="fl-2b"/>
      </object_component>
      <object_component id="oc-16f">
         <name>.ebss:__unlock</name>
         <uninitialized>true</uninitialized>
         <run_address>0xf2b2</run_address>
         <size>0x2</size>
         <input_file_ref idref="fl-34"/>
      </object_component>
      <object_component id="oc-161">
         <name>.ebss:__lock</name>
         <uninitialized>true</uninitialized>
         <run_address>0xf2b0</run_address>
         <size>0x2</size>
         <input_file_ref idref="fl-34"/>
      </object_component>
      <object_component id="oc-f6">
         <name>.econst</name>
         <load_address>0xf2b4</load_address>
         <run_address>0xf2b4</run_address>
         <size>0x100</size>
         <input_file_ref idref="fl-1a"/>
      </object_component>
      <object_component id="oc-115">
         <name>.reset</name>
         <load_address>0x3fffc0</load_address>
         <run_address>0x3fffc0</run_address>
         <size>0x2</size>
         <input_file_ref idref="fl-2a"/>
      </object_component>
      <object_component id="oc-72">
         <name>csm_rsvd</name>
         <load_address>0x33ff80</load_address>
         <run_address>0x33ff80</run_address>
         <size>0x76</size>
         <input_file_ref idref="fl-9"/>
      </object_component>
      <object_component id="oc-71">
         <name>csmpasswds</name>
         <load_address>0x33fff8</load_address>
         <run_address>0x33fff8</run_address>
         <size>0x8</size>
         <input_file_ref idref="fl-9"/>
      </object_component>
      <object_component id="oc-67">
         <name>.adc_cal</name>
         <load_address>0x380080</load_address>
         <run_address>0x380080</run_address>
         <size>0x7</size>
         <input_file_ref idref="fl-7"/>
      </object_component>
      <object_component id="oc-da">
         <name>PieVectTableFile</name>
         <uninitialized>true</uninitialized>
         <run_address>0xd00</run_address>
         <size>0x100</size>
         <input_file_ref idref="fl-14"/>
      </object_component>
      <object_component id="oc-d6">
         <name>DevEmuRegsFile</name>
         <uninitialized>true</uninitialized>
         <run_address>0x880</run_address>
         <size>0xd0</size>
         <input_file_ref idref="fl-14"/>
      </object_component>
      <object_component id="oc-ac">
         <name>FlashRegsFile</name>
         <uninitialized>true</uninitialized>
         <run_address>0xa80</run_address>
         <size>0x8</size>
         <input_file_ref idref="fl-14"/>
      </object_component>
      <object_component id="oc-b4">
         <name>CsmRegsFile</name>
         <uninitialized>true</uninitialized>
         <run_address>0xae0</run_address>
         <size>0x10</size>
         <input_file_ref idref="fl-14"/>
      </object_component>
      <object_component id="oc-b5">
         <name>AdcMirrorFile</name>
         <uninitialized>true</uninitialized>
         <run_address>0xb00</run_address>
         <size>0x10</size>
         <input_file_ref idref="fl-14"/>
      </object_component>
      <object_component id="oc-b9">
         <name>XintfRegsFile</name>
         <uninitialized>true</uninitialized>
         <run_address>0xb20</run_address>
         <size>0x1e</size>
         <input_file_ref idref="fl-14"/>
      </object_component>
      <object_component id="oc-ad">
         <name>CpuTimer0RegsFile</name>
         <uninitialized>true</uninitialized>
         <run_address>0xc00</run_address>
         <size>0x8</size>
         <input_file_ref idref="fl-14"/>
      </object_component>
      <object_component id="oc-ae">
         <name>CpuTimer1RegsFile</name>
         <uninitialized>true</uninitialized>
         <run_address>0xc08</run_address>
         <size>0x8</size>
         <input_file_ref idref="fl-14"/>
      </object_component>
      <object_component id="oc-aa">
         <name>CpuTimer2RegsFile</name>
         <uninitialized>true</uninitialized>
         <run_address>0xc10</run_address>
         <size>0x8</size>
         <input_file_ref idref="fl-14"/>
      </object_component>
      <object_component id="oc-b7">
         <name>PieCtrlRegsFile</name>
         <uninitialized>true</uninitialized>
         <run_address>0xce0</run_address>
         <size>0x1a</size>
         <input_file_ref idref="fl-14"/>
      </object_component>
      <object_component id="oc-d7">
         <name>DmaRegsFile</name>
         <uninitialized>true</uninitialized>
         <run_address>0x1000</run_address>
         <size>0xe0</size>
         <input_file_ref idref="fl-14"/>
      </object_component>
      <object_component id="oc-ca">
         <name>McbspaRegsFile</name>
         <uninitialized>true</uninitialized>
         <run_address>0x5000</run_address>
         <size>0x25</size>
         <input_file_ref idref="fl-14"/>
      </object_component>
      <object_component id="oc-c9">
         <name>McbspbRegsFile</name>
         <uninitialized>true</uninitialized>
         <run_address>0x5040</run_address>
         <size>0x25</size>
         <input_file_ref idref="fl-14"/>
      </object_component>
      <object_component id="oc-cc">
         <name>ECanaRegsFile</name>
         <uninitialized>true</uninitialized>
         <run_address>0x6000</run_address>
         <size>0x34</size>
         <input_file_ref idref="fl-14"/>
      </object_component>
      <object_component id="oc-d0">
         <name>ECanaLAMRegsFile</name>
         <uninitialized>true</uninitialized>
         <run_address>0x6040</run_address>
         <size>0x40</size>
         <input_file_ref idref="fl-14"/>
      </object_component>
      <object_component id="oc-d9">
         <name>ECanaMboxesFile</name>
         <uninitialized>true</uninitialized>
         <run_address>0x6100</run_address>
         <size>0x100</size>
         <input_file_ref idref="fl-14"/>
      </object_component>
      <object_component id="oc-d1">
         <name>ECanaMOTSRegsFile</name>
         <uninitialized>true</uninitialized>
         <run_address>0x6080</run_address>
         <size>0x40</size>
         <input_file_ref idref="fl-14"/>
      </object_component>
      <object_component id="oc-ce">
         <name>ECanaMOTORegsFile</name>
         <uninitialized>true</uninitialized>
         <run_address>0x60c0</run_address>
         <size>0x40</size>
         <input_file_ref idref="fl-14"/>
      </object_component>
      <object_component id="oc-cd">
         <name>ECanbRegsFile</name>
         <uninitialized>true</uninitialized>
         <run_address>0x6200</run_address>
         <size>0x34</size>
         <input_file_ref idref="fl-14"/>
      </object_component>
      <object_component id="oc-d5">
         <name>ECanbLAMRegsFile</name>
         <uninitialized>true</uninitialized>
         <run_address>0x6240</run_address>
         <size>0x40</size>
         <input_file_ref idref="fl-14"/>
      </object_component>
      <object_component id="oc-d8">
         <name>ECanbMboxesFile</name>
         <uninitialized>true</uninitialized>
         <run_address>0x6300</run_address>
         <size>0x100</size>
         <input_file_ref idref="fl-14"/>
      </object_component>
      <object_component id="oc-cf">
         <name>ECanbMOTSRegsFile</name>
         <uninitialized>true</uninitialized>
         <run_address>0x6280</run_address>
         <size>0x40</size>
         <input_file_ref idref="fl-14"/>
      </object_component>
      <object_component id="oc-d2">
         <name>ECanbMOTORegsFile</name>
         <uninitialized>true</uninitialized>
         <run_address>0x62c0</run_address>
         <size>0x40</size>
         <input_file_ref idref="fl-14"/>
      </object_component>
      <object_component id="oc-c7">
         <name>EPwm1RegsFile</name>
         <uninitialized>true</uninitialized>
         <run_address>0x6800</run_address>
         <size>0x22</size>
         <input_file_ref idref="fl-14"/>
      </object_component>
      <object_component id="oc-c2">
         <name>EPwm2RegsFile</name>
         <uninitialized>true</uninitialized>
         <run_address>0x6840</run_address>
         <size>0x22</size>
         <input_file_ref idref="fl-14"/>
      </object_component>
      <object_component id="oc-c3">
         <name>EPwm3RegsFile</name>
         <uninitialized>true</uninitialized>
         <run_address>0x6880</run_address>
         <size>0x22</size>
         <input_file_ref idref="fl-14"/>
      </object_component>
      <object_component id="oc-c8">
         <name>EPwm4RegsFile</name>
         <uninitialized>true</uninitialized>
         <run_address>0x68c0</run_address>
         <size>0x22</size>
         <input_file_ref idref="fl-14"/>
      </object_component>
      <object_component id="oc-c5">
         <name>EPwm5RegsFile</name>
         <uninitialized>true</uninitialized>
         <run_address>0x6900</run_address>
         <size>0x22</size>
         <input_file_ref idref="fl-14"/>
      </object_component>
      <object_component id="oc-c6">
         <name>EPwm6RegsFile</name>
         <uninitialized>true</uninitialized>
         <run_address>0x6940</run_address>
         <size>0x22</size>
         <input_file_ref idref="fl-14"/>
      </object_component>
      <object_component id="oc-bc">
         <name>ECap1RegsFile</name>
         <uninitialized>true</uninitialized>
         <run_address>0x6a00</run_address>
         <size>0x20</size>
         <input_file_ref idref="fl-14"/>
      </object_component>
      <object_component id="oc-bd">
         <name>ECap2RegsFile</name>
         <uninitialized>true</uninitialized>
         <run_address>0x6a20</run_address>
         <size>0x20</size>
         <input_file_ref idref="fl-14"/>
      </object_component>
      <object_component id="oc-ba">
         <name>ECap3RegsFile</name>
         <uninitialized>true</uninitialized>
         <run_address>0x6a40</run_address>
         <size>0x20</size>
         <input_file_ref idref="fl-14"/>
      </object_component>
      <object_component id="oc-bb">
         <name>ECap4RegsFile</name>
         <uninitialized>true</uninitialized>
         <run_address>0x6a60</run_address>
         <size>0x20</size>
         <input_file_ref idref="fl-14"/>
      </object_component>
      <object_component id="oc-c0">
         <name>ECap5RegsFile</name>
         <uninitialized>true</uninitialized>
         <run_address>0x6a80</run_address>
         <size>0x20</size>
         <input_file_ref idref="fl-14"/>
      </object_component>
      <object_component id="oc-c1">
         <name>ECap6RegsFile</name>
         <uninitialized>true</uninitialized>
         <run_address>0x6aa0</run_address>
         <size>0x20</size>
         <input_file_ref idref="fl-14"/>
      </object_component>
      <object_component id="oc-d3">
         <name>EQep1RegsFile</name>
         <uninitialized>true</uninitialized>
         <run_address>0x6b00</run_address>
         <size>0x40</size>
         <input_file_ref idref="fl-14"/>
      </object_component>
      <object_component id="oc-d4">
         <name>EQep2RegsFile</name>
         <uninitialized>true</uninitialized>
         <run_address>0x6b40</run_address>
         <size>0x40</size>
         <input_file_ref idref="fl-14"/>
      </object_component>
      <object_component id="oc-cb">
         <name>GpioCtrlRegsFile</name>
         <uninitialized>true</uninitialized>
         <run_address>0x6f80</run_address>
         <size>0x2e</size>
         <input_file_ref idref="fl-14"/>
      </object_component>
      <object_component id="oc-be">
         <name>GpioDataRegsFile</name>
         <uninitialized>true</uninitialized>
         <run_address>0x6fc0</run_address>
         <size>0x20</size>
         <input_file_ref idref="fl-14"/>
      </object_component>
      <object_component id="oc-af">
         <name>GpioIntRegsFile</name>
         <uninitialized>true</uninitialized>
         <run_address>0x6fe0</run_address>
         <size>0xa</size>
         <input_file_ref idref="fl-14"/>
      </object_component>
      <object_component id="oc-bf">
         <name>SysCtrlRegsFile</name>
         <uninitialized>true</uninitialized>
         <run_address>0x7010</run_address>
         <size>0x20</size>
         <input_file_ref idref="fl-14"/>
      </object_component>
      <object_component id="oc-b0">
         <name>SpiaRegsFile</name>
         <uninitialized>true</uninitialized>
         <run_address>0x7040</run_address>
         <size>0x10</size>
         <input_file_ref idref="fl-14"/>
      </object_component>
      <object_component id="oc-b3">
         <name>SciaRegsFile</name>
         <uninitialized>true</uninitialized>
         <run_address>0x7050</run_address>
         <size>0x10</size>
         <input_file_ref idref="fl-14"/>
      </object_component>
      <object_component id="oc-b6">
         <name>XIntruptRegsFile</name>
         <uninitialized>true</uninitialized>
         <run_address>0x7070</run_address>
         <size>0x10</size>
         <input_file_ref idref="fl-14"/>
      </object_component>
      <object_component id="oc-b8">
         <name>AdcRegsFile</name>
         <uninitialized>true</uninitialized>
         <run_address>0x7100</run_address>
         <size>0x1e</size>
         <input_file_ref idref="fl-14"/>
      </object_component>
      <object_component id="oc-b1">
         <name>ScibRegsFile</name>
         <uninitialized>true</uninitialized>
         <run_address>0x7750</run_address>
         <size>0x10</size>
         <input_file_ref idref="fl-14"/>
      </object_component>
      <object_component id="oc-b2">
         <name>ScicRegsFile</name>
         <uninitialized>true</uninitialized>
         <run_address>0x7770</run_address>
         <size>0x10</size>
         <input_file_ref idref="fl-14"/>
      </object_component>
      <object_component id="oc-c4">
         <name>I2caRegsFile</name>
         <uninitialized>true</uninitialized>
         <run_address>0x7900</run_address>
         <size>0x22</size>
         <input_file_ref idref="fl-14"/>
      </object_component>
      <object_component id="oc-ab">
         <name>CsmPwlFile</name>
         <uninitialized>true</uninitialized>
         <run_address>0x33fff8</run_address>
         <size>0x8</size>
         <input_file_ref idref="fl-14"/>
      </object_component>
      <object_component id="oc-a9">
         <name>PartIdRegsFile</name>
         <uninitialized>true</uninitialized>
         <run_address>0x380090</run_address>
         <size>0x1</size>
         <input_file_ref idref="fl-14"/>
      </object_component>
      <object_component id="oc-48">
         <name>.debug_info</name>
         <load_address>0x0</load_address>
         <run_address>0x0</run_address>
         <size>0x2690</size>
         <input_file_ref idref="fl-2"/>
      </object_component>
      <object_component id="oc-4d">
         <name>.debug_info</name>
         <load_address>0x2690</load_address>
         <run_address>0x2690</run_address>
         <size>0x18c5</size>
         <input_file_ref idref="fl-3"/>
      </object_component>
      <object_component id="oc-52">
         <name>.debug_info</name>
         <load_address>0x3f55</load_address>
         <run_address>0x3f55</run_address>
         <size>0xbaf</size>
         <input_file_ref idref="fl-4"/>
      </object_component>
      <object_component id="oc-57">
         <name>.debug_info</name>
         <load_address>0x4b04</load_address>
         <run_address>0x4b04</run_address>
         <size>0x76ec</size>
         <input_file_ref idref="fl-5"/>
      </object_component>
      <object_component id="oc-5f">
         <name>.debug_info</name>
         <load_address>0xc1f0</load_address>
         <run_address>0xc1f0</run_address>
         <size>0x1624</size>
         <input_file_ref idref="fl-6"/>
      </object_component>
      <object_component id="oc-68">
         <name>.debug_info</name>
         <load_address>0xd814</load_address>
         <run_address>0xd814</run_address>
         <size>0x113</size>
         <input_file_ref idref="fl-7"/>
      </object_component>
      <object_component id="oc-6c">
         <name>.debug_info</name>
         <load_address>0xd927</load_address>
         <run_address>0xd927</run_address>
         <size>0x1e99</size>
         <input_file_ref idref="fl-8"/>
      </object_component>
      <object_component id="oc-75">
         <name>.debug_info</name>
         <load_address>0xf7c0</load_address>
         <run_address>0xf7c0</run_address>
         <size>0x163</size>
         <input_file_ref idref="fl-a"/>
      </object_component>
      <object_component id="oc-79">
         <name>.debug_info</name>
         <load_address>0xf923</load_address>
         <run_address>0xf923</run_address>
         <size>0x799</size>
         <input_file_ref idref="fl-b"/>
      </object_component>
      <object_component id="oc-80">
         <name>.debug_info</name>
         <load_address>0x100bc</load_address>
         <run_address>0x100bc</run_address>
         <size>0x111</size>
         <input_file_ref idref="fl-c"/>
      </object_component>
      <object_component id="oc-84">
         <name>.debug_info</name>
         <load_address>0x101cd</load_address>
         <run_address>0x101cd</run_address>
         <size>0x1688</size>
         <input_file_ref idref="fl-d"/>
      </object_component>
      <object_component id="oc-89">
         <name>.debug_info</name>
         <load_address>0x11855</load_address>
         <run_address>0x11855</run_address>
         <size>0x2d96</size>
         <input_file_ref idref="fl-e"/>
      </object_component>
      <object_component id="oc-90">
         <name>.debug_info</name>
         <load_address>0x145eb</load_address>
         <run_address>0x145eb</run_address>
         <size>0x117</size>
         <input_file_ref idref="fl-f"/>
      </object_component>
      <object_component id="oc-94">
         <name>.debug_info</name>
         <load_address>0x14702</load_address>
         <run_address>0x14702</run_address>
         <size>0x5cef</size>
         <input_file_ref idref="fl-10"/>
      </object_component>
      <object_component id="oc-99">
         <name>.debug_info</name>
         <load_address>0x1a3f1</load_address>
         <run_address>0x1a3f1</run_address>
         <size>0x1afd</size>
         <input_file_ref idref="fl-11"/>
      </object_component>
      <object_component id="oc-9e">
         <name>.debug_info</name>
         <load_address>0x1beee</load_address>
         <run_address>0x1beee</run_address>
         <size>0x1afd</size>
         <input_file_ref idref="fl-12"/>
      </object_component>
      <object_component id="oc-a3">
         <name>.debug_info</name>
         <load_address>0x1d9eb</load_address>
         <run_address>0x1d9eb</run_address>
         <size>0x1afd</size>
         <input_file_ref idref="fl-13"/>
      </object_component>
      <object_component id="oc-a8">
         <name>.debug_info</name>
         <load_address>0x1f4e8</load_address>
         <run_address>0x1f4e8</run_address>
         <size>0x1339f</size>
         <input_file_ref idref="fl-14"/>
      </object_component>
      <object_component id="oc-dc">
         <name>.debug_info</name>
         <load_address>0x32887</load_address>
         <run_address>0x32887</run_address>
         <size>0x1b7e</size>
         <input_file_ref idref="fl-15"/>
      </object_component>
      <object_component id="oc-e1">
         <name>.debug_info</name>
         <load_address>0x34405</load_address>
         <run_address>0x34405</run_address>
         <size>0x1afc</size>
         <input_file_ref idref="fl-16"/>
      </object_component>
      <object_component id="oc-e6">
         <name>.debug_info</name>
         <load_address>0x35f01</load_address>
         <run_address>0x35f01</run_address>
         <size>0x4918</size>
         <input_file_ref idref="fl-17"/>
      </object_component>
      <object_component id="oc-eb">
         <name>.debug_info</name>
         <load_address>0x3a819</load_address>
         <run_address>0x3a819</run_address>
         <size>0x2c8</size>
         <input_file_ref idref="fl-18"/>
      </object_component>
      <object_component id="oc-f0">
         <name>.debug_info</name>
         <load_address>0x3aae1</load_address>
         <run_address>0x3aae1</run_address>
         <size>0xafd</size>
         <input_file_ref idref="fl-19"/>
      </object_component>
      <object_component id="oc-f5">
         <name>.debug_info</name>
         <load_address>0x3b5de</load_address>
         <run_address>0x3b5de</run_address>
         <size>0x2241</size>
         <input_file_ref idref="fl-1a"/>
      </object_component>
      <object_component id="oc-fb">
         <name>.debug_info</name>
         <load_address>0x3d81f</load_address>
         <run_address>0x3d81f</run_address>
         <size>0x1dcf</size>
         <input_file_ref idref="fl-1b"/>
      </object_component>
      <object_component id="oc-100">
         <name>.debug_info</name>
         <load_address>0x3f5ee</load_address>
         <run_address>0x3f5ee</run_address>
         <size>0x1c99</size>
         <input_file_ref idref="fl-1c"/>
      </object_component>
      <object_component id="oc-105">
         <name>.debug_info</name>
         <load_address>0x41287</load_address>
         <run_address>0x41287</run_address>
         <size>0x20ce</size>
         <input_file_ref idref="fl-1d"/>
      </object_component>
      <object_component id="oc-10a">
         <name>.debug_info</name>
         <load_address>0x43355</load_address>
         <run_address>0x43355</run_address>
         <size>0x20b4</size>
         <input_file_ref idref="fl-1e"/>
      </object_component>
      <object_component id="oc-110">
         <name>.debug_info</name>
         <load_address>0x45409</load_address>
         <run_address>0x45409</run_address>
         <size>0x113</size>
         <input_file_ref idref="fl-1f"/>
      </object_component>
      <object_component id="oc-116">
         <name>.debug_info</name>
         <load_address>0x4551c</load_address>
         <run_address>0x4551c</run_address>
         <size>0x112</size>
         <input_file_ref idref="fl-2a"/>
      </object_component>
      <object_component id="oc-11a">
         <name>.debug_info</name>
         <load_address>0x4562e</load_address>
         <run_address>0x4562e</run_address>
         <size>0x407</size>
         <input_file_ref idref="fl-2b"/>
      </object_component>
      <object_component id="oc-122">
         <name>.debug_info</name>
         <load_address>0x45a35</load_address>
         <run_address>0x45a35</run_address>
         <size>0xf4</size>
         <input_file_ref idref="fl-2c"/>
      </object_component>
      <object_component id="oc-127">
         <name>.debug_info</name>
         <load_address>0x45b29</load_address>
         <run_address>0x45b29</run_address>
         <size>0xf4</size>
         <input_file_ref idref="fl-2d"/>
      </object_component>
      <object_component id="oc-12c">
         <name>.debug_info</name>
         <load_address>0x45c1d</load_address>
         <run_address>0x45c1d</run_address>
         <size>0xf4</size>
         <input_file_ref idref="fl-2e"/>
      </object_component>
      <object_component id="oc-131">
         <name>.debug_info</name>
         <load_address>0x45d11</load_address>
         <run_address>0x45d11</run_address>
         <size>0xf4</size>
         <input_file_ref idref="fl-2f"/>
      </object_component>
      <object_component id="oc-136">
         <name>.debug_info</name>
         <load_address>0x45e05</load_address>
         <run_address>0x45e05</run_address>
         <size>0xf4</size>
         <input_file_ref idref="fl-30"/>
      </object_component>
      <object_component id="oc-13b">
         <name>.debug_info</name>
         <load_address>0x45ef9</load_address>
         <run_address>0x45ef9</run_address>
         <size>0x100</size>
         <input_file_ref idref="fl-31"/>
      </object_component>
      <object_component id="oc-140">
         <name>.debug_info</name>
         <load_address>0x45ff9</load_address>
         <run_address>0x45ff9</run_address>
         <size>0x100</size>
         <input_file_ref idref="fl-32"/>
      </object_component>
      <object_component id="oc-145">
         <name>.debug_info</name>
         <load_address>0x460f9</load_address>
         <run_address>0x460f9</run_address>
         <size>0x18b</size>
         <input_file_ref idref="fl-33"/>
      </object_component>
      <object_component id="oc-149">
         <name>.debug_info</name>
         <load_address>0x46284</load_address>
         <run_address>0x46284</run_address>
         <size>0x431</size>
         <input_file_ref idref="fl-34"/>
      </object_component>
      <object_component id="oc-14f">
         <name>.debug_info</name>
         <load_address>0x466b5</load_address>
         <run_address>0x466b5</run_address>
         <size>0xfa</size>
         <input_file_ref idref="fl-35"/>
      </object_component>
      <object_component id="oc-154">
         <name>.debug_info</name>
         <load_address>0x467af</load_address>
         <run_address>0x467af</run_address>
         <size>0xf4</size>
         <input_file_ref idref="fl-36"/>
      </object_component>
      <object_component id="oc-158">
         <name>.debug_info</name>
         <load_address>0x468a3</load_address>
         <run_address>0x468a3</run_address>
         <size>0x3fe</size>
         <input_file_ref idref="fl-37"/>
      </object_component>
      <object_component id="oc-1c0">
         <name>.debug_info</name>
         <load_address>0x46ca1</load_address>
         <run_address>0x46ca1</run_address>
         <size>0x9c</size>
      </object_component>
      <object_component id="oc-49">
         <name>.debug_frame</name>
         <load_address>0x0</load_address>
         <run_address>0x0</run_address>
         <size>0x77</size>
         <input_file_ref idref="fl-2"/>
      </object_component>
      <object_component id="oc-4e">
         <name>.debug_frame</name>
         <load_address>0x77</load_address>
         <run_address>0x77</run_address>
         <size>0xb6</size>
         <input_file_ref idref="fl-3"/>
      </object_component>
      <object_component id="oc-53">
         <name>.debug_frame</name>
         <load_address>0x12d</load_address>
         <run_address>0x12d</run_address>
         <size>0xa7</size>
         <input_file_ref idref="fl-4"/>
      </object_component>
      <object_component id="oc-5b">
         <name>.debug_frame</name>
         <load_address>0x1d4</load_address>
         <run_address>0x1d4</run_address>
         <size>0x123</size>
         <input_file_ref idref="fl-5"/>
      </object_component>
      <object_component id="oc-63">
         <name>.debug_frame</name>
         <load_address>0x2f7</load_address>
         <run_address>0x2f7</run_address>
         <size>0xec</size>
         <input_file_ref idref="fl-6"/>
      </object_component>
      <object_component id="oc-6d">
         <name>.debug_frame</name>
         <load_address>0x3e3</load_address>
         <run_address>0x3e3</run_address>
         <size>0x77</size>
         <input_file_ref idref="fl-8"/>
      </object_component>
      <object_component id="oc-7b">
         <name>.debug_frame</name>
         <load_address>0x45a</load_address>
         <run_address>0x45a</run_address>
         <size>0x62</size>
         <input_file_ref idref="fl-b"/>
      </object_component>
      <object_component id="oc-85">
         <name>.debug_frame</name>
         <load_address>0x4bc</load_address>
         <run_address>0x4bc</run_address>
         <size>0x62</size>
         <input_file_ref idref="fl-d"/>
      </object_component>
      <object_component id="oc-8b">
         <name>.debug_frame</name>
         <load_address>0x51e</load_address>
         <run_address>0x51e</run_address>
         <size>0x6dd</size>
         <input_file_ref idref="fl-e"/>
      </object_component>
      <object_component id="oc-95">
         <name>.debug_frame</name>
         <load_address>0xbfb</load_address>
         <run_address>0xbfb</run_address>
         <size>0x62</size>
         <input_file_ref idref="fl-10"/>
      </object_component>
      <object_component id="oc-9a">
         <name>.debug_frame</name>
         <load_address>0xc5d</load_address>
         <run_address>0xc5d</run_address>
         <size>0x62</size>
         <input_file_ref idref="fl-11"/>
      </object_component>
      <object_component id="oc-9f">
         <name>.debug_frame</name>
         <load_address>0xcbf</load_address>
         <run_address>0xcbf</run_address>
         <size>0x62</size>
         <input_file_ref idref="fl-12"/>
      </object_component>
      <object_component id="oc-a4">
         <name>.debug_frame</name>
         <load_address>0xd21</load_address>
         <run_address>0xd21</run_address>
         <size>0x62</size>
         <input_file_ref idref="fl-13"/>
      </object_component>
      <object_component id="oc-dd">
         <name>.debug_frame</name>
         <load_address>0xd83</load_address>
         <run_address>0xd83</run_address>
         <size>0x77</size>
         <input_file_ref idref="fl-15"/>
      </object_component>
      <object_component id="oc-e2">
         <name>.debug_frame</name>
         <load_address>0xdfa</load_address>
         <run_address>0xdfa</run_address>
         <size>0x62</size>
         <input_file_ref idref="fl-16"/>
      </object_component>
      <object_component id="oc-e7">
         <name>.debug_frame</name>
         <load_address>0xe5c</load_address>
         <run_address>0xe5c</run_address>
         <size>0x62</size>
         <input_file_ref idref="fl-17"/>
      </object_component>
      <object_component id="oc-ec">
         <name>.debug_frame</name>
         <load_address>0xebe</load_address>
         <run_address>0xebe</run_address>
         <size>0x62</size>
         <input_file_ref idref="fl-18"/>
      </object_component>
      <object_component id="oc-f1">
         <name>.debug_frame</name>
         <load_address>0xf20</load_address>
         <run_address>0xf20</run_address>
         <size>0x8c</size>
         <input_file_ref idref="fl-19"/>
      </object_component>
      <object_component id="oc-f7">
         <name>.debug_frame</name>
         <load_address>0xfac</load_address>
         <run_address>0xfac</run_address>
         <size>0x7d</size>
         <input_file_ref idref="fl-1a"/>
      </object_component>
      <object_component id="oc-fc">
         <name>.debug_frame</name>
         <load_address>0x1029</load_address>
         <run_address>0x1029</run_address>
         <size>0xcb</size>
         <input_file_ref idref="fl-1b"/>
      </object_component>
      <object_component id="oc-101">
         <name>.debug_frame</name>
         <load_address>0x10f4</load_address>
         <run_address>0x10f4</run_address>
         <size>0xa1</size>
         <input_file_ref idref="fl-1c"/>
      </object_component>
      <object_component id="oc-106">
         <name>.debug_frame</name>
         <load_address>0x1195</load_address>
         <run_address>0x1195</run_address>
         <size>0xee</size>
         <input_file_ref idref="fl-1d"/>
      </object_component>
      <object_component id="oc-10b">
         <name>.debug_frame</name>
         <load_address>0x1283</load_address>
         <run_address>0x1283</run_address>
         <size>0x62</size>
         <input_file_ref idref="fl-1e"/>
      </object_component>
      <object_component id="oc-11d">
         <name>.debug_frame</name>
         <load_address>0x12e5</load_address>
         <run_address>0x12e5</run_address>
         <size>0x95</size>
         <input_file_ref idref="fl-2b"/>
      </object_component>
      <object_component id="oc-14a">
         <name>.debug_frame</name>
         <load_address>0x137a</load_address>
         <run_address>0x137a</run_address>
         <size>0xa1</size>
         <input_file_ref idref="fl-34"/>
      </object_component>
      <object_component id="oc-159">
         <name>.debug_frame</name>
         <load_address>0x141b</load_address>
         <run_address>0x141b</run_address>
         <size>0x77</size>
         <input_file_ref idref="fl-37"/>
      </object_component>
      <object_component id="oc-4a">
         <name>.debug_line</name>
         <load_address>0x0</load_address>
         <run_address>0x0</run_address>
         <size>0x59</size>
         <input_file_ref idref="fl-2"/>
      </object_component>
      <object_component id="oc-4f">
         <name>.debug_line</name>
         <load_address>0x59</load_address>
         <run_address>0x59</run_address>
         <size>0xd8</size>
         <input_file_ref idref="fl-3"/>
      </object_component>
      <object_component id="oc-54">
         <name>.debug_line</name>
         <load_address>0x131</load_address>
         <run_address>0x131</run_address>
         <size>0x7c</size>
         <input_file_ref idref="fl-4"/>
      </object_component>
      <object_component id="oc-5c">
         <name>.debug_line</name>
         <load_address>0x1ad</load_address>
         <run_address>0x1ad</run_address>
         <size>0x17d</size>
         <input_file_ref idref="fl-5"/>
      </object_component>
      <object_component id="oc-64">
         <name>.debug_line</name>
         <load_address>0x32a</load_address>
         <run_address>0x32a</run_address>
         <size>0xbe</size>
         <input_file_ref idref="fl-6"/>
      </object_component>
      <object_component id="oc-69">
         <name>.debug_line</name>
         <load_address>0x3e8</load_address>
         <run_address>0x3e8</run_address>
         <size>0x60</size>
         <input_file_ref idref="fl-7"/>
      </object_component>
      <object_component id="oc-6e">
         <name>.debug_line</name>
         <load_address>0x448</load_address>
         <run_address>0x448</run_address>
         <size>0x68</size>
         <input_file_ref idref="fl-8"/>
      </object_component>
      <object_component id="oc-76">
         <name>.debug_line</name>
         <load_address>0x4b0</load_address>
         <run_address>0x4b0</run_address>
         <size>0x78</size>
         <input_file_ref idref="fl-a"/>
      </object_component>
      <object_component id="oc-7c">
         <name>.debug_line</name>
         <load_address>0x528</load_address>
         <run_address>0x528</run_address>
         <size>0x4f</size>
         <input_file_ref idref="fl-b"/>
      </object_component>
      <object_component id="oc-81">
         <name>.debug_line</name>
         <load_address>0x577</load_address>
         <run_address>0x577</run_address>
         <size>0x5e</size>
         <input_file_ref idref="fl-c"/>
      </object_component>
      <object_component id="oc-86">
         <name>.debug_line</name>
         <load_address>0x5d5</load_address>
         <run_address>0x5d5</run_address>
         <size>0x49</size>
         <input_file_ref idref="fl-d"/>
      </object_component>
      <object_component id="oc-8c">
         <name>.debug_line</name>
         <load_address>0x61e</load_address>
         <run_address>0x61e</run_address>
         <size>0x75f</size>
         <input_file_ref idref="fl-e"/>
      </object_component>
      <object_component id="oc-91">
         <name>.debug_line</name>
         <load_address>0xd7d</load_address>
         <run_address>0xd7d</run_address>
         <size>0x62</size>
         <input_file_ref idref="fl-f"/>
      </object_component>
      <object_component id="oc-96">
         <name>.debug_line</name>
         <load_address>0xddf</load_address>
         <run_address>0xddf</run_address>
         <size>0x4a</size>
         <input_file_ref idref="fl-10"/>
      </object_component>
      <object_component id="oc-9b">
         <name>.debug_line</name>
         <load_address>0xe29</load_address>
         <run_address>0xe29</run_address>
         <size>0x4a</size>
         <input_file_ref idref="fl-11"/>
      </object_component>
      <object_component id="oc-a0">
         <name>.debug_line</name>
         <load_address>0xe73</load_address>
         <run_address>0xe73</run_address>
         <size>0x4a</size>
         <input_file_ref idref="fl-12"/>
      </object_component>
      <object_component id="oc-a5">
         <name>.debug_line</name>
         <load_address>0xebd</load_address>
         <run_address>0xebd</run_address>
         <size>0x4a</size>
         <input_file_ref idref="fl-13"/>
      </object_component>
      <object_component id="oc-de">
         <name>.debug_line</name>
         <load_address>0xf07</load_address>
         <run_address>0xf07</run_address>
         <size>0x71</size>
         <input_file_ref idref="fl-15"/>
      </object_component>
      <object_component id="oc-e3">
         <name>.debug_line</name>
         <load_address>0xf78</load_address>
         <run_address>0xf78</run_address>
         <size>0x49</size>
         <input_file_ref idref="fl-16"/>
      </object_component>
      <object_component id="oc-e8">
         <name>.debug_line</name>
         <load_address>0xfc1</load_address>
         <run_address>0xfc1</run_address>
         <size>0x4b</size>
         <input_file_ref idref="fl-17"/>
      </object_component>
      <object_component id="oc-ed">
         <name>.debug_line</name>
         <load_address>0x100c</load_address>
         <run_address>0x100c</run_address>
         <size>0x4d</size>
         <input_file_ref idref="fl-18"/>
      </object_component>
      <object_component id="oc-f2">
         <name>.debug_line</name>
         <load_address>0x1059</load_address>
         <run_address>0x1059</run_address>
         <size>0x9d</size>
         <input_file_ref idref="fl-19"/>
      </object_component>
      <object_component id="oc-f8">
         <name>.debug_line</name>
         <load_address>0x10f6</load_address>
         <run_address>0x10f6</run_address>
         <size>0x7f</size>
         <input_file_ref idref="fl-1a"/>
      </object_component>
      <object_component id="oc-fd">
         <name>.debug_line</name>
         <load_address>0x1175</load_address>
         <run_address>0x1175</run_address>
         <size>0xe0</size>
         <input_file_ref idref="fl-1b"/>
      </object_component>
      <object_component id="oc-102">
         <name>.debug_line</name>
         <load_address>0x1255</load_address>
         <run_address>0x1255</run_address>
         <size>0x99</size>
         <input_file_ref idref="fl-1c"/>
      </object_component>
      <object_component id="oc-107">
         <name>.debug_line</name>
         <load_address>0x12ee</load_address>
         <run_address>0x12ee</run_address>
         <size>0x15c</size>
         <input_file_ref idref="fl-1d"/>
      </object_component>
      <object_component id="oc-10c">
         <name>.debug_line</name>
         <load_address>0x144a</load_address>
         <run_address>0x144a</run_address>
         <size>0x4b</size>
         <input_file_ref idref="fl-1e"/>
      </object_component>
      <object_component id="oc-111">
         <name>.debug_line</name>
         <load_address>0x1495</load_address>
         <run_address>0x1495</run_address>
         <size>0x5f</size>
         <input_file_ref idref="fl-1f"/>
      </object_component>
      <object_component id="oc-117">
         <name>.debug_line</name>
         <load_address>0x14f4</load_address>
         <run_address>0x14f4</run_address>
         <size>0x73</size>
         <input_file_ref idref="fl-2a"/>
      </object_component>
      <object_component id="oc-11e">
         <name>.debug_line</name>
         <load_address>0x1567</load_address>
         <run_address>0x1567</run_address>
         <size>0x5d</size>
         <input_file_ref idref="fl-2b"/>
      </object_component>
      <object_component id="oc-123">
         <name>.debug_line</name>
         <load_address>0x15c4</load_address>
         <run_address>0x15c4</run_address>
         <size>0xa9</size>
         <input_file_ref idref="fl-2c"/>
      </object_component>
      <object_component id="oc-128">
         <name>.debug_line</name>
         <load_address>0x166d</load_address>
         <run_address>0x166d</run_address>
         <size>0x52</size>
         <input_file_ref idref="fl-2d"/>
      </object_component>
      <object_component id="oc-12d">
         <name>.debug_line</name>
         <load_address>0x16bf</load_address>
         <run_address>0x16bf</run_address>
         <size>0xab</size>
         <input_file_ref idref="fl-2e"/>
      </object_component>
      <object_component id="oc-132">
         <name>.debug_line</name>
         <load_address>0x176a</load_address>
         <run_address>0x176a</run_address>
         <size>0x8d</size>
         <input_file_ref idref="fl-2f"/>
      </object_component>
      <object_component id="oc-137">
         <name>.debug_line</name>
         <load_address>0x17f7</load_address>
         <run_address>0x17f7</run_address>
         <size>0x41</size>
         <input_file_ref idref="fl-30"/>
      </object_component>
      <object_component id="oc-13c">
         <name>.debug_line</name>
         <load_address>0x1838</load_address>
         <run_address>0x1838</run_address>
         <size>0x60</size>
         <input_file_ref idref="fl-31"/>
      </object_component>
      <object_component id="oc-141">
         <name>.debug_line</name>
         <load_address>0x1898</load_address>
         <run_address>0x1898</run_address>
         <size>0x56</size>
         <input_file_ref idref="fl-32"/>
      </object_component>
      <object_component id="oc-146">
         <name>.debug_line</name>
         <load_address>0x18ee</load_address>
         <run_address>0x18ee</run_address>
         <size>0x8e</size>
         <input_file_ref idref="fl-33"/>
      </object_component>
      <object_component id="oc-14b">
         <name>.debug_line</name>
         <load_address>0x197c</load_address>
         <run_address>0x197c</run_address>
         <size>0x5e</size>
         <input_file_ref idref="fl-34"/>
      </object_component>
      <object_component id="oc-150">
         <name>.debug_line</name>
         <load_address>0x19da</load_address>
         <run_address>0x19da</run_address>
         <size>0x53</size>
         <input_file_ref idref="fl-35"/>
      </object_component>
      <object_component id="oc-155">
         <name>.debug_line</name>
         <load_address>0x1a2d</load_address>
         <run_address>0x1a2d</run_address>
         <size>0x49</size>
         <input_file_ref idref="fl-36"/>
      </object_component>
      <object_component id="oc-15a">
         <name>.debug_line</name>
         <load_address>0x1a76</load_address>
         <run_address>0x1a76</run_address>
         <size>0x59</size>
         <input_file_ref idref="fl-37"/>
      </object_component>
      <object_component id="oc-4b">
         <name>.debug_abbrev</name>
         <load_address>0x0</load_address>
         <run_address>0x0</run_address>
         <size>0xc8</size>
         <input_file_ref idref="fl-2"/>
      </object_component>
      <object_component id="oc-50">
         <name>.debug_abbrev</name>
         <load_address>0xc8</load_address>
         <run_address>0xc8</run_address>
         <size>0xc8</size>
         <input_file_ref idref="fl-3"/>
      </object_component>
      <object_component id="oc-55">
         <name>.debug_abbrev</name>
         <load_address>0x190</load_address>
         <run_address>0x190</run_address>
         <size>0xf8</size>
         <input_file_ref idref="fl-4"/>
      </object_component>
      <object_component id="oc-5d">
         <name>.debug_abbrev</name>
         <load_address>0x288</load_address>
         <run_address>0x288</run_address>
         <size>0x1cf</size>
         <input_file_ref idref="fl-5"/>
      </object_component>
      <object_component id="oc-65">
         <name>.debug_abbrev</name>
         <load_address>0x457</load_address>
         <run_address>0x457</run_address>
         <size>0x132</size>
         <input_file_ref idref="fl-6"/>
      </object_component>
      <object_component id="oc-6a">
         <name>.debug_abbrev</name>
         <load_address>0x589</load_address>
         <run_address>0x589</run_address>
         <size>0x2e</size>
         <input_file_ref idref="fl-7"/>
      </object_component>
      <object_component id="oc-6f">
         <name>.debug_abbrev</name>
         <load_address>0x5b7</load_address>
         <run_address>0x5b7</run_address>
         <size>0x10f</size>
         <input_file_ref idref="fl-8"/>
      </object_component>
      <object_component id="oc-77">
         <name>.debug_abbrev</name>
         <load_address>0x6c6</load_address>
         <run_address>0x6c6</run_address>
         <size>0x20</size>
         <input_file_ref idref="fl-a"/>
      </object_component>
      <object_component id="oc-7d">
         <name>.debug_abbrev</name>
         <load_address>0x6e6</load_address>
         <run_address>0x6e6</run_address>
         <size>0x10b</size>
         <input_file_ref idref="fl-b"/>
      </object_component>
      <object_component id="oc-82">
         <name>.debug_abbrev</name>
         <load_address>0x7f1</load_address>
         <run_address>0x7f1</run_address>
         <size>0x2e</size>
         <input_file_ref idref="fl-c"/>
      </object_component>
      <object_component id="oc-87">
         <name>.debug_abbrev</name>
         <load_address>0x81f</load_address>
         <run_address>0x81f</run_address>
         <size>0x14f</size>
         <input_file_ref idref="fl-d"/>
      </object_component>
      <object_component id="oc-8d">
         <name>.debug_abbrev</name>
         <load_address>0x96e</load_address>
         <run_address>0x96e</run_address>
         <size>0xa8</size>
         <input_file_ref idref="fl-e"/>
      </object_component>
      <object_component id="oc-92">
         <name>.debug_abbrev</name>
         <load_address>0xa16</load_address>
         <run_address>0xa16</run_address>
         <size>0x2e</size>
         <input_file_ref idref="fl-f"/>
      </object_component>
      <object_component id="oc-97">
         <name>.debug_abbrev</name>
         <load_address>0xa44</load_address>
         <run_address>0xa44</run_address>
         <size>0x151</size>
         <input_file_ref idref="fl-10"/>
      </object_component>
      <object_component id="oc-9c">
         <name>.debug_abbrev</name>
         <load_address>0xb95</load_address>
         <run_address>0xb95</run_address>
         <size>0xea</size>
         <input_file_ref idref="fl-11"/>
      </object_component>
      <object_component id="oc-a1">
         <name>.debug_abbrev</name>
         <load_address>0xc7f</load_address>
         <run_address>0xc7f</run_address>
         <size>0x111</size>
         <input_file_ref idref="fl-12"/>
      </object_component>
      <object_component id="oc-a6">
         <name>.debug_abbrev</name>
         <load_address>0xd90</load_address>
         <run_address>0xd90</run_address>
         <size>0xea</size>
         <input_file_ref idref="fl-13"/>
      </object_component>
      <object_component id="oc-db">
         <name>.debug_abbrev</name>
         <load_address>0xe7a</load_address>
         <run_address>0xe7a</run_address>
         <size>0xb7</size>
         <input_file_ref idref="fl-14"/>
      </object_component>
      <object_component id="oc-df">
         <name>.debug_abbrev</name>
         <load_address>0xf31</load_address>
         <run_address>0xf31</run_address>
         <size>0xdc</size>
         <input_file_ref idref="fl-15"/>
      </object_component>
      <object_component id="oc-e4">
         <name>.debug_abbrev</name>
         <load_address>0x100d</load_address>
         <run_address>0x100d</run_address>
         <size>0xdc</size>
         <input_file_ref idref="fl-16"/>
      </object_component>
      <object_component id="oc-e9">
         <name>.debug_abbrev</name>
         <load_address>0x10e9</load_address>
         <run_address>0x10e9</run_address>
         <size>0x146</size>
         <input_file_ref idref="fl-17"/>
      </object_component>
      <object_component id="oc-ee">
         <name>.debug_abbrev</name>
         <load_address>0x122f</load_address>
         <run_address>0x122f</run_address>
         <size>0x93</size>
         <input_file_ref idref="fl-18"/>
      </object_component>
      <object_component id="oc-f3">
         <name>.debug_abbrev</name>
         <load_address>0x12c2</load_address>
         <run_address>0x12c2</run_address>
         <size>0xc8</size>
         <input_file_ref idref="fl-19"/>
      </object_component>
      <object_component id="oc-f9">
         <name>.debug_abbrev</name>
         <load_address>0x138a</load_address>
         <run_address>0x138a</run_address>
         <size>0x116</size>
         <input_file_ref idref="fl-1a"/>
      </object_component>
      <object_component id="oc-fe">
         <name>.debug_abbrev</name>
         <load_address>0x14a0</load_address>
         <run_address>0x14a0</run_address>
         <size>0xea</size>
         <input_file_ref idref="fl-1b"/>
      </object_component>
      <object_component id="oc-103">
         <name>.debug_abbrev</name>
         <load_address>0x158a</load_address>
         <run_address>0x158a</run_address>
         <size>0xea</size>
         <input_file_ref idref="fl-1c"/>
      </object_component>
      <object_component id="oc-108">
         <name>.debug_abbrev</name>
         <load_address>0x1674</load_address>
         <run_address>0x1674</run_address>
         <size>0x17b</size>
         <input_file_ref idref="fl-1d"/>
      </object_component>
      <object_component id="oc-10d">
         <name>.debug_abbrev</name>
         <load_address>0x17ef</load_address>
         <run_address>0x17ef</run_address>
         <size>0xea</size>
         <input_file_ref idref="fl-1e"/>
      </object_component>
      <object_component id="oc-112">
         <name>.debug_abbrev</name>
         <load_address>0x18d9</load_address>
         <run_address>0x18d9</run_address>
         <size>0x2e</size>
         <input_file_ref idref="fl-1f"/>
      </object_component>
      <object_component id="oc-118">
         <name>.debug_abbrev</name>
         <load_address>0x1907</load_address>
         <run_address>0x1907</run_address>
         <size>0x45</size>
         <input_file_ref idref="fl-2a"/>
      </object_component>
      <object_component id="oc-11f">
         <name>.debug_abbrev</name>
         <load_address>0x194c</load_address>
         <run_address>0x194c</run_address>
         <size>0x117</size>
         <input_file_ref idref="fl-2b"/>
      </object_component>
      <object_component id="oc-124">
         <name>.debug_abbrev</name>
         <load_address>0x1a63</load_address>
         <run_address>0x1a63</run_address>
         <size>0x37</size>
         <input_file_ref idref="fl-2c"/>
      </object_component>
      <object_component id="oc-129">
         <name>.debug_abbrev</name>
         <load_address>0x1a9a</load_address>
         <run_address>0x1a9a</run_address>
         <size>0x37</size>
         <input_file_ref idref="fl-2d"/>
      </object_component>
      <object_component id="oc-12e">
         <name>.debug_abbrev</name>
         <load_address>0x1ad1</load_address>
         <run_address>0x1ad1</run_address>
         <size>0x37</size>
         <input_file_ref idref="fl-2e"/>
      </object_component>
      <object_component id="oc-133">
         <name>.debug_abbrev</name>
         <load_address>0x1b08</load_address>
         <run_address>0x1b08</run_address>
         <size>0x37</size>
         <input_file_ref idref="fl-2f"/>
      </object_component>
      <object_component id="oc-138">
         <name>.debug_abbrev</name>
         <load_address>0x1b3f</load_address>
         <run_address>0x1b3f</run_address>
         <size>0x37</size>
         <input_file_ref idref="fl-30"/>
      </object_component>
      <object_component id="oc-13d">
         <name>.debug_abbrev</name>
         <load_address>0x1b76</load_address>
         <run_address>0x1b76</run_address>
         <size>0x37</size>
         <input_file_ref idref="fl-31"/>
      </object_component>
      <object_component id="oc-142">
         <name>.debug_abbrev</name>
         <load_address>0x1bad</load_address>
         <run_address>0x1bad</run_address>
         <size>0x37</size>
         <input_file_ref idref="fl-32"/>
      </object_component>
      <object_component id="oc-147">
         <name>.debug_abbrev</name>
         <load_address>0x1be4</load_address>
         <run_address>0x1be4</run_address>
         <size>0x37</size>
         <input_file_ref idref="fl-33"/>
      </object_component>
      <object_component id="oc-14c">
         <name>.debug_abbrev</name>
         <load_address>0x1c1b</load_address>
         <run_address>0x1c1b</run_address>
         <size>0xb2</size>
         <input_file_ref idref="fl-34"/>
      </object_component>
      <object_component id="oc-151">
         <name>.debug_abbrev</name>
         <load_address>0x1ccd</load_address>
         <run_address>0x1ccd</run_address>
         <size>0x37</size>
         <input_file_ref idref="fl-35"/>
      </object_component>
      <object_component id="oc-156">
         <name>.debug_abbrev</name>
         <load_address>0x1d04</load_address>
         <run_address>0x1d04</run_address>
         <size>0x37</size>
         <input_file_ref idref="fl-36"/>
      </object_component>
      <object_component id="oc-15b">
         <name>.debug_abbrev</name>
         <load_address>0x1d3b</load_address>
         <run_address>0x1d3b</run_address>
         <size>0xfe</size>
         <input_file_ref idref="fl-37"/>
      </object_component>
      <object_component id="oc-1c1">
         <name>.debug_abbrev</name>
         <load_address>0x1e39</load_address>
         <run_address>0x1e39</run_address>
         <size>0xf</size>
      </object_component>
      <object_component id="oc-4c">
         <name>.debug_aranges</name>
         <load_address>0x0</load_address>
         <run_address>0x0</run_address>
         <size>0x20</size>
         <input_file_ref idref="fl-2"/>
      </object_component>
      <object_component id="oc-51">
         <name>.debug_aranges</name>
         <load_address>0x20</load_address>
         <run_address>0x20</run_address>
         <size>0x38</size>
         <input_file_ref idref="fl-3"/>
      </object_component>
      <object_component id="oc-56">
         <name>.debug_aranges</name>
         <load_address>0x58</load_address>
         <run_address>0x58</run_address>
         <size>0x30</size>
         <input_file_ref idref="fl-4"/>
      </object_component>
      <object_component id="oc-5e">
         <name>.debug_aranges</name>
         <load_address>0x88</load_address>
         <run_address>0x88</run_address>
         <size>0x38</size>
         <input_file_ref idref="fl-5"/>
      </object_component>
      <object_component id="oc-66">
         <name>.debug_aranges</name>
         <load_address>0xc0</load_address>
         <run_address>0xc0</run_address>
         <size>0x30</size>
         <input_file_ref idref="fl-6"/>
      </object_component>
      <object_component id="oc-6b">
         <name>.debug_aranges</name>
         <load_address>0xf0</load_address>
         <run_address>0xf0</run_address>
         <size>0x20</size>
         <input_file_ref idref="fl-7"/>
      </object_component>
      <object_component id="oc-70">
         <name>.debug_aranges</name>
         <load_address>0x110</load_address>
         <run_address>0x110</run_address>
         <size>0x20</size>
         <input_file_ref idref="fl-8"/>
      </object_component>
      <object_component id="oc-78">
         <name>.debug_aranges</name>
         <load_address>0x130</load_address>
         <run_address>0x130</run_address>
         <size>0x28</size>
         <input_file_ref idref="fl-a"/>
      </object_component>
      <object_component id="oc-7e">
         <name>.debug_aranges</name>
         <load_address>0x158</load_address>
         <run_address>0x158</run_address>
         <size>0x18</size>
         <input_file_ref idref="fl-b"/>
      </object_component>
      <object_component id="oc-83">
         <name>.debug_aranges</name>
         <load_address>0x170</load_address>
         <run_address>0x170</run_address>
         <size>0x20</size>
         <input_file_ref idref="fl-c"/>
      </object_component>
      <object_component id="oc-88">
         <name>.debug_aranges</name>
         <load_address>0x190</load_address>
         <run_address>0x190</run_address>
         <size>0x18</size>
         <input_file_ref idref="fl-d"/>
      </object_component>
      <object_component id="oc-8e">
         <name>.debug_aranges</name>
         <load_address>0x1a8</load_address>
         <run_address>0x1a8</run_address>
         <size>0x290</size>
         <input_file_ref idref="fl-e"/>
      </object_component>
      <object_component id="oc-93">
         <name>.debug_aranges</name>
         <load_address>0x438</load_address>
         <run_address>0x438</run_address>
         <size>0x20</size>
         <input_file_ref idref="fl-f"/>
      </object_component>
      <object_component id="oc-98">
         <name>.debug_aranges</name>
         <load_address>0x458</load_address>
         <run_address>0x458</run_address>
         <size>0x18</size>
         <input_file_ref idref="fl-10"/>
      </object_component>
      <object_component id="oc-9d">
         <name>.debug_aranges</name>
         <load_address>0x470</load_address>
         <run_address>0x470</run_address>
         <size>0x18</size>
         <input_file_ref idref="fl-11"/>
      </object_component>
      <object_component id="oc-a2">
         <name>.debug_aranges</name>
         <load_address>0x488</load_address>
         <run_address>0x488</run_address>
         <size>0x18</size>
         <input_file_ref idref="fl-12"/>
      </object_component>
      <object_component id="oc-a7">
         <name>.debug_aranges</name>
         <load_address>0x4a0</load_address>
         <run_address>0x4a0</run_address>
         <size>0x18</size>
         <input_file_ref idref="fl-13"/>
      </object_component>
      <object_component id="oc-e0">
         <name>.debug_aranges</name>
         <load_address>0x4b8</load_address>
         <run_address>0x4b8</run_address>
         <size>0x20</size>
         <input_file_ref idref="fl-15"/>
      </object_component>
      <object_component id="oc-e5">
         <name>.debug_aranges</name>
         <load_address>0x4d8</load_address>
         <run_address>0x4d8</run_address>
         <size>0x18</size>
         <input_file_ref idref="fl-16"/>
      </object_component>
      <object_component id="oc-ea">
         <name>.debug_aranges</name>
         <load_address>0x4f0</load_address>
         <run_address>0x4f0</run_address>
         <size>0x18</size>
         <input_file_ref idref="fl-17"/>
      </object_component>
      <object_component id="oc-ef">
         <name>.debug_aranges</name>
         <load_address>0x508</load_address>
         <run_address>0x508</run_address>
         <size>0x18</size>
         <input_file_ref idref="fl-18"/>
      </object_component>
      <object_component id="oc-f4">
         <name>.debug_aranges</name>
[...]
      </symbol>
      <symbol id="sm-228">
         <name>_SCIRXINTB_ISR</name>
         <value>0x83be</value>
         <object_component_ref idref="oc-8a"/>
      </symbol>
      <symbol id="sm-229">
         <name>_ECAN1INTA_ISR</name>
         <value>0x83cd</value>
         <object_component_ref idref="oc-8a"/>
      </symbol>
      <symbol id="sm-22a">
         <name>_ECAP2_INT_ISR</name>
         <value>0x8341</value>
         <object_component_ref idref="oc-8a"/>
      </symbol>
      <symbol id="sm-22b">
         <name>_PIE_RESERVED</name>
         <value>0x83ff</value>
         <object_component_ref idref="oc-8a"/>
      </symbol>
      <symbol id="sm-22c">
         <name>_I2CINT1A_ISR</name>
         <value>0x83a0</value>
         <object_component_ref idref="oc-8a"/>
      </symbol>
      <symbol id="sm-22d">
         <name>_XINT2_ISR</name>
         <value>0x82ec</value>
         <object_component_ref idref="oc-8a"/>
      </symbol>
      <symbol id="sm-22e">
         <name>_I2CINT2A_ISR</name>
         <value>0x83a5</value>
         <object_component_ref idref="oc-8a"/>
      </symbol>
      <symbol id="sm-22f">
         <name>_SCITXINTC_ISR</name>
         <value>0x83af</value>
         <object_component_ref idref="oc-8a"/>
      </symbol>
      <symbol id="sm-230">
         <name>_SCIRXINTC_ISR</name>
         <value>0x83aa</value>
         <object_component_ref idref="oc-8a"/>
      </symbol>
      <symbol id="sm-231">
         <name>_RTOSINT_ISR</name>
         <value>0x828d</value>
         <object_component_ref idref="oc-8a"/>
      </symbol>
      <symbol id="sm-232">
         <name>_EPWM3_INT_ISR</name>
         <value>0x8328</value>
         <object_component_ref idref="oc-8a"/>
      </symbol>
      <symbol id="sm-233">
         <name>_ECAN1INTB_ISR</name>
         <value>0x83d7</value>
         <object_component_ref idref="oc-8a"/>
      </symbol>
      <symbol id="sm-234">
         <name>_USER9_ISR</name>
         <value>0x82c9</value>
         <object_component_ref idref="oc-8a"/>
      </symbol>
      <symbol id="sm-235">
         <name>_USER3_ISR</name>
         <value>0x82ab</value>
         <object_component_ref idref="oc-8a"/>
      </symbol>
      <symbol id="sm-236">
         <name>_EQEP1_INT_ISR</name>
         <value>0x835a</value>
         <object_component_ref idref="oc-8a"/>
      </symbol>
      <symbol id="sm-237">
         <name>_MRINTB_ISR</name>
         <value>0x836e</value>
         <object_component_ref idref="oc-8a"/>
      </symbol>
      <symbol id="sm-238">
         <name>_DINTCH1_ISR</name>
         <value>0x8382</value>
         <object_component_ref idref="oc-8a"/>
      </symbol>
      <symbol id="sm-239">
         <name>_USER8_ISR</name>
         <value>0x82c4</value>
         <object_component_ref idref="oc-8a"/>
      </symbol>
      <symbol id="sm-23a">
         <name>_EPWM1_INT_ISR</name>
         <value>0x831e</value>
         <object_component_ref idref="oc-8a"/>
      </symbol>
      <symbol id="sm-23b">
         <name>_SEQ2INT_ISR</name>
         <value>0x82e2</value>
         <object_component_ref idref="oc-8a"/>
      </symbol>
      <symbol id="sm-23c">
         <name>_USER2_ISR</name>
         <value>0x82a6</value>
         <object_component_ref idref="oc-8a"/>
      </symbol>
      <symbol id="sm-23d">
         <name>_LUF_ISR</name>
         <value>0x83fa</value>
         <object_component_ref idref="oc-8a"/>
      </symbol>
      <symbol id="sm-23e">
         <name>_LVF_ISR</name>
         <value>0x83f5</value>
         <object_component_ref idref="oc-8a"/>
      </symbol>
      <symbol id="sm-23f">
         <name>_SCITXINTA_ISR</name>
         <value>0x83b9</value>
         <object_component_ref idref="oc-8a"/>
      </symbol>
      <symbol id="sm-240">
         <name>_SCIRXINTA_ISR</name>
         <value>0x83b4</value>
         <object_component_ref idref="oc-8a"/>
      </symbol>
      <symbol id="sm-241">
         <name>_rsvd_ISR</name>
         <value>0x8404</value>
         <object_component_ref idref="oc-8a"/>
      </symbol>
      <symbol id="sm-242">
         <name>_ECAP5_INT_ISR</name>
         <value>0x8350</value>
         <object_component_ref idref="oc-8a"/>
      </symbol>
      <symbol id="sm-243">
         <name>_DINTCH2_ISR</name>
         <value>0x8387</value>
         <object_component_ref idref="oc-8a"/>
      </symbol>
      <symbol id="sm-244">
         <name>_XINT5_ISR</name>
         <value>0x83e6</value>
         <object_component_ref idref="oc-8a"/>
      </symbol>
      <symbol id="sm-250">
         <name>_DSP28x_DisableInt</name>
         <value>0x8b98</value>
         <object_component_ref idref="oc-8f"/>
      </symbol>
      <symbol id="sm-251">
         <name>_DSP28x_RestoreInt</name>
         <value>0x8b9c</value>
         <object_component_ref idref="oc-8f"/>
      </symbol>
      <symbol id="sm-2e4">
         <name>_GpioCtrlRegs</name>
         <value>0x6f80</value>
         <object_component_ref idref="oc-cb"/>
      </symbol>
      <symbol id="sm-2e5">
         <name>_PieVectTable</name>
         <value>0xd00</value>
         <object_component_ref idref="oc-da"/>
      </symbol>
      <symbol id="sm-2e6">
         <name>_ECap4Regs</name>
         <value>0x6a60</value>
         <object_component_ref idref="oc-bb"/>
      </symbol>
      <symbol id="sm-2e7">
         <name>_CsmRegs</name>
         <value>0xae0</value>
         <object_component_ref idref="oc-b4"/>
      </symbol>
      <symbol id="sm-2e8">
         <name>_ECanaLAMRegs</name>
         <value>0x6040</value>
         <object_component_ref idref="oc-d0"/>
      </symbol>
      <symbol id="sm-2e9">
         <name>_ECanbMOTORegs</name>
         <value>0x62c0</value>
         <object_component_ref idref="oc-d2"/>
      </symbol>
      <symbol id="sm-2ea">
         <name>_EPwm4Regs</name>
         <value>0x68c0</value>
         <object_component_ref idref="oc-c8"/>
      </symbol>
      <symbol id="sm-2eb">
         <name>_ECap5Regs</name>
         <value>0x6a80</value>
         <object_component_ref idref="oc-c0"/>
      </symbol>
      <symbol id="sm-2ec">
         <name>_CpuTimer1Regs</name>
         <value>0xc08</value>
         <object_component_ref idref="oc-ae"/>
      </symbol>
      <symbol id="sm-2ed">
         <name>_SysCtrlRegs</name>
         <value>0x7010</value>
         <object_component_ref idref="oc-bf"/>
      </symbol>
      <symbol id="sm-2ee">
         <name>_EPwm5Regs</name>
         <value>0x6900</value>
         <object_component_ref idref="oc-c5"/>
      </symbol>
      <symbol id="sm-2ef">
         <name>_SpiaRegs</name>
         <value>0x7040</value>
         <object_component_ref idref="oc-b0"/>
      </symbol>
      <symbol id="sm-2f0">
         <name>_ECanaMOTSRegs</name>
         <value>0x6080</value>
         <object_component_ref idref="oc-d1"/>
      </symbol>
      <symbol id="sm-2f1">
         <name>_ECap6Regs</name>
         <value>0x6aa0</value>
         <object_component_ref idref="oc-c1"/>
      </symbol>
      <symbol id="sm-2f2">
         <name>_DmaRegs</name>
         <value>0x1000</value>
         <object_component_ref idref="oc-d7"/>
      </symbol>
      <symbol id="sm-2f3">
         <name>_FlashRegs</name>
         <value>0xa80</value>
         <object_component_ref idref="oc-ac"/>
      </symbol>
      <symbol id="sm-2f4">
         <name>_CpuTimer0Regs</name>
         <value>0xc00</value>
         <object_component_ref idref="oc-ad"/>
      </symbol>
      <symbol id="sm-2f5">
         <name>_DevEmuRegs</name>
         <value>0x880</value>
         <object_component_ref idref="oc-d6"/>
      </symbol>
      <symbol id="sm-2f6">
         <name>_McbspbRegs</name>
         <value>0x5040</value>
         <object_component_ref idref="oc-c9"/>
      </symbol>
      <symbol id="sm-2f7">
         <name>_EPwm6Regs</name>
         <value>0x6940</value>
         <object_component_ref idref="oc-c6"/>
      </symbol>
      <symbol id="sm-2f8">
         <name>_SciaRegs</name>
         <value>0x7050</value>
         <object_component_ref idref="oc-b3"/>
      </symbol>
      <symbol id="sm-2f9">
         <name>_GpioDataRegs</name>
         <value>0x6fc0</value>
         <object_component_ref idref="oc-be"/>
      </symbol>
      <symbol id="sm-2fa">
         <name>_CsmPwl</name>
         <value>0x33fff8</value>
         <object_component_ref idref="oc-ab"/>
      </symbol>
      <symbol id="sm-2fb">
         <name>_AdcRegs</name>
         <value>0x7100</value>
         <object_component_ref idref="oc-b8"/>
      </symbol>
      <symbol id="sm-2fc">
         <name>_XIntruptRegs</name>
         <value>0x7070</value>
         <object_component_ref idref="oc-b6"/>
      </symbol>
      <symbol id="sm-2fd">
         <name>_CpuTimer2Regs</name>
         <value>0xc10</value>
         <object_component_ref idref="oc-aa"/>
      </symbol>
      <symbol id="sm-2fe">
         <name>_PieCtrlRegs</name>
         <value>0xce0</value>
         <object_component_ref idref="oc-b7"/>
      </symbol>
      <symbol id="sm-2ff">
         <name>_ECanbMOTSRegs</name>
         <value>0x6280</value>
         <object_component_ref idref="oc-cf"/>
      </symbol>
      <symbol id="sm-300">
         <name>_ECanaRegs</name>
         <value>0x6000</value>
         <object_component_ref idref="oc-cc"/>
      </symbol>
      <symbol id="sm-301">
         <name>_AdcMirror</name>
         <value>0xb00</value>
         <object_component_ref idref="oc-b5"/>
      </symbol>
      <symbol id="sm-302">
         <name>_ECanbMboxes</name>
         <value>0x6300</value>
         <object_component_ref idref="oc-d8"/>
      </symbol>
      <symbol id="sm-303">
         <name>_XintfRegs</name>
         <value>0xb20</value>
         <object_component_ref idref="oc-b9"/>
      </symbol>
      <symbol id="sm-304">
         <name>_ScicRegs</name>
         <value>0x7770</value>
         <object_component_ref idref="oc-b2"/>
      </symbol>
      <symbol id="sm-305">
         <name>_ECap1Regs</name>
         <value>0x6a00</value>
         <object_component_ref idref="oc-bc"/>
      </symbol>
      <symbol id="sm-306">
         <name>_EQep1Regs</name>
         <value>0x6b00</value>
         <object_component_ref idref="oc-d3"/>
      </symbol>
      <symbol id="sm-307">
         <name>_McbspaRegs</name>
         <value>0x5000</value>
         <object_component_ref idref="oc-ca"/>
      </symbol>
      <symbol id="sm-308">
         <name>_EPwm1Regs</name>
         <value>0x6800</value>
         <object_component_ref idref="oc-c7"/>
      </symbol>
      <symbol id="sm-309">
         <name>_ECanbRegs</name>
         <value>0x6200</value>
         <object_component_ref idref="oc-cd"/>
      </symbol>
      <symbol id="sm-30a">
         <name>_ScibRegs</name>
         <value>0x7750</value>
         <object_component_ref idref="oc-b1"/>
      </symbol>
      <symbol id="sm-30b">
         <name>_ECap2Regs</name>
         <value>0x6a20</value>
         <object_component_ref idref="oc-bd"/>
      </symbol>
      <symbol id="sm-30c">
         <name>_GpioIntRegs</name>
         <value>0x6fe0</value>
         <object_component_ref idref="oc-af"/>
      </symbol>
      <symbol id="sm-30d">
         <name>_EQep2Regs</name>
         <value>0x6b40</value>
         <object_component_ref idref="oc-d4"/>
      </symbol>
      <symbol id="sm-30e">
         <name>_PartIdRegs</name>
         <value>0x380090</value>
         <object_component_ref idref="oc-a9"/>
      </symbol>
      <symbol id="sm-30f">
         <name>_EPwm2Regs</name>
         <value>0x6840</value>
         <object_component_ref idref="oc-c2"/>
      </symbol>
      <symbol id="sm-310">
         <name>_ECanaMboxes</name>
         <value>0x6100</value>
         <object_component_ref idref="oc-d9"/>
      </symbol>
      <symbol id="sm-311">
         <name>_ECap3Regs</name>
         <value>0x6a40</value>
         <object_component_ref idref="oc-ba"/>
      </symbol>
      <symbol id="sm-312">
         <name>_ECanaMOTORegs</name>
         <value>0x60c0</value>
         <object_component_ref idref="oc-ce"/>
      </symbol>
      <symbol id="sm-313">
         <name>_EPwm3Regs</name>
         <value>0x6880</value>
         <object_component_ref idref="oc-c3"/>
      </symbol>
      <symbol id="sm-314">
         <name>_ECanbLAMRegs</name>
         <value>0x6240</value>
         <object_component_ref idref="oc-d5"/>
      </symbol>
      <symbol id="sm-315">
         <name>_I2caRegs</name>
         <value>0x7900</value>
         <object_component_ref idref="oc-c4"/>
      </symbol>
      <symbol id="sm-322">
         <name>_InitGpio</name>
         <value>0x8ad1</value>
         <object_component_ref idref="oc-164"/>
      </symbol>
      <symbol id="sm-34d">
         <name>_InitPieCtrl</name>
         <value>0x8a4e</value>
         <object_component_ref idref="oc-167"/>
      </symbol>
      <symbol id="sm-34e">
         <name>_EnableInterrupts</name>
         <value>0x8a6d</value>
         <object_component_ref idref="oc-167"/>
      </symbol>
      <symbol id="sm-35f">
         <name>_PieVectTableInit</name>
         <value>0xf2b4</value>
         <object_component_ref idref="oc-f6"/>
      </symbol>
      <symbol id="sm-360">
         <name>_InitPieVectTable</name>
         <value>0x8a76</value>
         <object_component_ref idref="oc-168"/>
      </symbol>
      <symbol id="sm-36d">
         <name>_InitScicGpio</name>
         <value>0x8943</value>
         <object_component_ref idref="oc-165"/>
      </symbol>
      <symbol id="sm-36e">
         <name>_InitScibGpio</name>
         <value>0x892f</value>
         <object_component_ref idref="oc-165"/>
      </symbol>
      <symbol id="sm-36f">
         <name>_InitSciaGpio</name>
         <value>0x8919</value>
         <object_component_ref idref="oc-165"/>
      </symbol>
      <symbol id="sm-370">
         <name>_InitSciGpio</name>
         <value>0x8912</value>
         <object_component_ref idref="oc-165"/>
      </symbol>
      <symbol id="sm-371">
         <name>_InitSci</name>
         <value>0x8911</value>
         <object_component_ref idref="oc-165"/>
      </symbol>
      <symbol id="sm-37e">
         <name>_InitSpiaGpio</name>
         <value>0x89d3</value>
         <object_component_ref idref="oc-166"/>
      </symbol>
      <symbol id="sm-37f">
         <name>_InitSpiGpio</name>
         <value>0x89d0</value>
         <object_component_ref idref="oc-166"/>
      </symbol>
      <symbol id="sm-380">
         <name>_InitSpi</name>
         <value>0x89cf</value>
         <object_component_ref idref="oc-166"/>
      </symbol>
      <symbol id="sm-396">
         <name>_InitPll</name>
         <value>0x853d</value>
         <object_component_ref idref="oc-163"/>
      </symbol>
      <symbol id="sm-397">
         <name>_DisableDog</name>
         <value>0x8535</value>
         <object_component_ref idref="oc-163"/>
      </symbol>
      <symbol id="sm-398">
         <name>_InitPeripheralClocks</name>
         <value>0x858e</value>
         <object_component_ref idref="oc-163"/>
      </symbol>
      <symbol id="sm-399">
         <name>_CsmUnlock</name>
         <value>0x85e9</value>
         <object_component_ref idref="oc-163"/>
      </symbol>
      <symbol id="sm-39a">
         <name>_ServiceDog</name>
         <value>0x852b</value>
         <object_component_ref idref="oc-163"/>
      </symbol>
      <symbol id="sm-39b">
         <name>_InitSysCtrl</name>
         <value>0x8522</value>
         <object_component_ref idref="oc-163"/>
      </symbol>
      <symbol id="sm-3b1">
         <name>_DSP28x_usDelay</name>
         <value>0x8c43</value>
         <object_component_ref idref="oc-10f"/>
      </symbol>
      <symbol id="sm-3cc">
         <name>_c_int00</name>
         <value>0x8959</value>
         <object_component_ref idref="oc-47"/>
      </symbol>
      <symbol id="sm-3cd">
         <name>__stack</name>
         <value>0x400</value>
         <object_component_ref idref="oc-114"/>
      </symbol>
      <symbol id="sm-3e1">
         <name>C$$EXIT</name>
         <value>0x8b1f</value>
         <object_component_ref idref="oc-15e"/>
      </symbol>
      <symbol id="sm-3e2">
         <name>_exit</name>
         <value>0x8b21</value>
         <object_component_ref idref="oc-15e"/>
      </symbol>
      <symbol id="sm-3e3">
         <name>___TI_cleanup_ptr</name>
         <value>0xf2ac</value>
         <object_component_ref idref="oc-11c"/>
      </symbol>
      <symbol id="sm-3e4">
         <name>_abort</name>
         <value>0x8b1f</value>
         <object_component_ref idref="oc-15e"/>
      </symbol>
      <symbol id="sm-3e5">
         <name>___TI_dtors_ptr</name>
         <value>0xf2ae</value>
         <object_component_ref idref="oc-11c"/>
      </symbol>
      <symbol id="sm-3ff">
         <name>FS$$ADD</name>
         <value>0x8844</value>
         <object_component_ref idref="oc-121"/>
      </symbol>
      <symbol id="sm-400">
         <name>FS$$SUB</name>
         <value>0x883f</value>
         <object_component_ref idref="oc-121"/>
      </symbol>
      <symbol id="sm-412">
         <name>FS$$CMP</name>
         <value>0x8b38</value>
         <object_component_ref idref="oc-126"/>
      </symbol>
      <symbol id="sm-423">
         <name>FS$$DIV</name>
         <value>0x87bc</value>
         <object_component_ref idref="oc-12b"/>
      </symbol>
      <symbol id="sm-434">
         <name>FS$$MPY</name>
         <value>0x88b7</value>
         <object_component_ref idref="oc-130"/>
      </symbol>
      <symbol id="sm-441">
         <name>FS$$NEG</name>
         <value>0x8b9f</value>
         <object_component_ref idref="oc-135"/>
      </symbol>
      <symbol id="sm-454">
         <name>FS$$TOL</name>
         <value>0x8a25</value>
         <object_component_ref idref="oc-13a"/>
      </symbol>
      <symbol id="sm-465">
         <name>FS$$TOU</name>
         <value>0x8a98</value>
         <object_component_ref idref="oc-13f"/>
      </symbol>
      <symbol id="sm-471">
         <name>UL$$MOD</name>
         <value>0x8a1f</value>
         <object_component_ref idref="oc-144"/>
      </symbol>
      <symbol id="sm-472">
         <name>L$$MOD</name>
         <value>0x8a0a</value>
         <object_component_ref idref="oc-144"/>
      </symbol>
      <symbol id="sm-473">
         <name>L$$DIV</name>
         <value>0x89fb</value>
         <object_component_ref idref="oc-144"/>
      </symbol>
      <symbol id="sm-474">
         <name>UL$$DIV</name>
         <value>0x8a18</value>
         <object_component_ref idref="oc-144"/>
      </symbol>
      <symbol id="sm-489">
         <name>__unlock</name>
         <value>0xf2b2</value>
         <object_component_ref idref="oc-16f"/>
      </symbol>
      <symbol id="sm-48a">
         <name>__lock</name>
         <value>0xf2b0</value>
         <object_component_ref idref="oc-161"/>
      </symbol>
      <symbol id="sm-48b">
         <name>__register_lock</name>
         <value>0x8b8b</value>
         <object_component_ref idref="oc-16d"/>
      </symbol>
      <symbol id="sm-48c">
         <name>__nop</name>
         <value>0x8b8f</value>
         <object_component_ref idref="oc-16d"/>
      </symbol>
      <symbol id="sm-48d">
         <name>__register_unlock</name>
         <value>0x8b87</value>
         <object_component_ref idref="oc-16d"/>
      </symbol>
      <symbol id="sm-49c">
         <name>L$$TOFS</name>
         <value>0x8aec</value>
         <object_component_ref idref="oc-14e"/>
      </symbol>
      <symbol id="sm-4aa">
         <name>U$$TOFS</name>
         <value>0x8b77</value>
         <object_component_ref idref="oc-153"/>
      </symbol>
      <symbol id="sm-4ba">
         <name>__args_main</name>
         <value>0x8b06</value>
         <object_component_ref idref="oc-15d"/>
      </symbol>
   </symbol_table>
   <title>Link successful</title>
</link_info>
